Component: ARM Compiler 5.06 update 4 (build 422) Tool: armlink [4d35d2]

==============================================================================

Section Cross References

    main.o(i.DAC_GPIO_Init) refers to stm32f0xx_rcc.o(i.RCC_AHBPeriphClockCmd) for RCC_AHBPeriphClockCmd
    main.o(i.DAC_GPIO_Init) refers to stm32f0xx_rcc.o(i.RCC_APB1PeriphClockCmd) for RCC_APB1PeriphClockCmd
    main.o(i.DAC_GPIO_Init) refers to stm32f0xx_gpio.o(i.GPIO_Init) for GPIO_Init
    main.o(i.DAC_OUT_Init) refers to main.o(i.DAC_GPIO_Init) for DAC_GPIO_Init
    main.o(i.DAC_OUT_Init) refers to stm32f0xx_dac.o(i.DAC_Init) for DAC_Init
    main.o(i.DAC_OUT_Init) refers to stm32f0xx_dac.o(i.DAC_Cmd) for DAC_Cmd
    main.o(i.DMA1_Channel1_IRQHandler) refers to stm32f0xx_dma.o(i.DMA_GetITStatus) for DMA_GetITStatus
    main.o(i.DMA1_Channel1_IRQHandler) refers to differentialdc.o(i.SetOUT1Status) for SetOUT1Status
    main.o(i.DMA1_Channel1_IRQHandler) refers to display.o(i.SMG_DisplayOUT_STATUS) for SMG_DisplayOUT_STATUS
    main.o(i.DMA1_Channel1_IRQHandler) refers to stm32f0xx_dma.o(i.DMA_ClearITPendingBit) for DMA_ClearITPendingBit
    main.o(i.DMA1_Channel1_IRQHandler) refers to main.o(.bss) for .bss
    main.o(i.DMA1_Channel1_IRQHandler) refers to main.o(.data) for .data
    main.o(i.DMA1_Channel1_IRQHandler) refers to differentialdc.o(.bss) for ADC_ROW_Value
    main.o(i.DMA1_Channel1_IRQHandler) refers to differentialdc.o(.data) for Threshold
    main.o(i.DMA1_Channel1_IRQHandler) refers to menu.o(.data) for OUT1_Mode
    main.o(i.FlashCheck) refers to main.o(i.Formula_100) for Formula_100
    main.o(i.FlashCheck) refers to main.o(.data) for .data
    main.o(i.FlashCheck) refers to main.o(.bss) for .bss
    main.o(i.Formula_100) refers to main.o(.data) for .data
    main.o(i.Formula_CRC16) refers to main.o(.data) for .data
    main.o(i.IO_GPIO_INIT) refers to stm32f0xx_rcc.o(i.RCC_AHBPeriphClockCmd) for RCC_AHBPeriphClockCmd
    main.o(i.IO_GPIO_INIT) refers to stm32f0xx_gpio.o(i.GPIO_StructInit) for GPIO_StructInit
    main.o(i.IO_GPIO_INIT) refers to stm32f0xx_gpio.o(i.GPIO_Init) for GPIO_Init
    main.o(i.RCC_Configuration) refers to stm32f0xx_rcc.o(i.RCC_DeInit) for RCC_DeInit
    main.o(i.RCC_Configuration) refers to stm32f0xx_rcc.o(i.RCC_HSICmd) for RCC_HSICmd
    main.o(i.RCC_Configuration) refers to stm32f0xx_rcc.o(i.RCC_GetFlagStatus) for RCC_GetFlagStatus
    main.o(i.RCC_Configuration) refers to stm32f0xx_rcc.o(i.RCC_HCLKConfig) for RCC_HCLKConfig
    main.o(i.RCC_Configuration) refers to stm32f0xx_rcc.o(i.RCC_PCLKConfig) for RCC_PCLKConfig
    main.o(i.RCC_Configuration) refers to stm32f0xx_rcc.o(i.RCC_PLLConfig) for RCC_PLLConfig
    main.o(i.RCC_Configuration) refers to stm32f0xx_rcc.o(i.RCC_PLLCmd) for RCC_PLLCmd
    main.o(i.RCC_Configuration) refers to stm32f0xx_rcc.o(i.RCC_ADCCLKConfig) for RCC_ADCCLKConfig
    main.o(i.RCC_Configuration) refers to stm32f0xx_rcc.o(i.RCC_SYSCLKConfig) for RCC_SYSCLKConfig
    main.o(i.RCC_Configuration) refers to stm32f0xx_rcc.o(i.RCC_GetSYSCLKSource) for RCC_GetSYSCLKSource
    main.o(i.SMG_GPIO_INIT) refers to stm32f0xx_rcc.o(i.RCC_AHBPeriphClockCmd) for RCC_AHBPeriphClockCmd
    main.o(i.SMG_GPIO_INIT) refers to stm32f0xx_gpio.o(i.GPIO_StructInit) for GPIO_StructInit
    main.o(i.SMG_GPIO_INIT) refers to stm32f0xx_gpio.o(i.GPIO_Init) for GPIO_Init
    main.o(i.SMG_GPIO_INIT) refers to stm32f0xx_gpio.o(i.GPIO_WriteBit) for GPIO_WriteBit
    main.o(i.TIM1_BRK_UP_TRG_COM_IRQHandler) refers to stm32f0xx_tim.o(i.TIM_GetITStatus) for TIM_GetITStatus
    main.o(i.TIM1_BRK_UP_TRG_COM_IRQHandler) refers to stm32f0xx_tim.o(i.TIM_ClearITPendingBit) for TIM_ClearITPendingBit
    main.o(i.TIM2_IRQHandler) refers to stm32f0xx_tim.o(i.TIM_GetITStatus) for TIM_GetITStatus
    main.o(i.TIM2_IRQHandler) refers to stm32f0xx_tim.o(i.TIM_ClearITPendingBit) for TIM_ClearITPendingBit
    main.o(i.TIM3_IRQHandler) refers to stm32f0xx_tim.o(i.TIM_GetITStatus) for TIM_GetITStatus
    main.o(i.TIM3_IRQHandler) refers to uidiv.o(.text) for __aeabi_uidivmod
    main.o(i.TIM3_IRQHandler) refers to display.o(i.SMG_Diplay) for SMG_Diplay
    main.o(i.TIM3_IRQHandler) refers to key.o(i.Key_Scan) for Key_Scan
    main.o(i.TIM3_IRQHandler) refers to stm32f0xx_tim.o(i.TIM_ClearITPendingBit) for TIM_ClearITPendingBit
    main.o(i.TIM3_IRQHandler) refers to main.o(.data) for .data
    main.o(i.TIM3_IRQHandler) refers to differentialdc.o(.data) for OUT2
    main.o(i.adc_config) refers to stm32f0xx_rcc.o(i.RCC_APB2PeriphClockCmd) for RCC_APB2PeriphClockCmd
    main.o(i.adc_config) refers to stm32f0xx_adc.o(i.ADC_DeInit) for ADC_DeInit
    main.o(i.adc_config) refers to stm32f0xx_adc.o(i.ADC_StructInit) for ADC_StructInit
    main.o(i.adc_config) refers to stm32f0xx_adc.o(i.ADC_Init) for ADC_Init
    main.o(i.adc_config) refers to stm32f0xx_adc.o(i.ADC_OverrunModeCmd) for ADC_OverrunModeCmd
    main.o(i.adc_config) refers to stm32f0xx_adc.o(i.ADC_ChannelConfig) for ADC_ChannelConfig
[...]
    Removing stm32f0xx_pwr.o(i.PWR_PVDCmd), (24 bytes).
    Removing stm32f0xx_pwr.o(i.PWR_PVDLevelConfig), (20 bytes).
    Removing stm32f0xx_pwr.o(i.PWR_WakeUpPinCmd), (24 bytes).
    Removing stm32f0xx_rcc.o(.rev16_text), (4 bytes).
    Removing stm32f0xx_rcc.o(.revsh_text), (4 bytes).
    Removing stm32f0xx_rcc.o(i.RCC_AHBPeriphResetCmd), (24 bytes).
    Removing stm32f0xx_rcc.o(i.RCC_AdjustHSI14CalibrationValue), (20 bytes).
    Removing stm32f0xx_rcc.o(i.RCC_AdjustHSICalibrationValue), (20 bytes).
    Removing stm32f0xx_rcc.o(i.RCC_BackupResetCmd), (28 bytes).
    Removing stm32f0xx_rcc.o(i.RCC_CECCLKConfig), (24 bytes).
    Removing stm32f0xx_rcc.o(i.RCC_ClearFlag), (20 bytes).
    Removing stm32f0xx_rcc.o(i.RCC_ClearITPendingBit), (12 bytes).
    Removing stm32f0xx_rcc.o(i.RCC_ClockSecuritySystemCmd), (28 bytes).
    Removing stm32f0xx_rcc.o(i.RCC_GetITStatus), (20 bytes).
    Removing stm32f0xx_rcc.o(i.RCC_HSEConfig), (16 bytes).
    Removing stm32f0xx_rcc.o(i.RCC_HSI14ADCRequestCmd), (24 bytes).
    Removing stm32f0xx_rcc.o(i.RCC_HSI14Cmd), (28 bytes).
    Removing stm32f0xx_rcc.o(i.RCC_HSI48Cmd), (28 bytes).
    Removing stm32f0xx_rcc.o(i.RCC_I2CCLKConfig), (24 bytes).
    Removing stm32f0xx_rcc.o(i.RCC_ITConfig), (24 bytes).
    Removing stm32f0xx_rcc.o(i.RCC_LSEConfig), (32 bytes).
    Removing stm32f0xx_rcc.o(i.RCC_LSEDriveConfig), (24 bytes).
    Removing stm32f0xx_rcc.o(i.RCC_LSICmd), (28 bytes).
    Removing stm32f0xx_rcc.o(i.RCC_MCOConfig), (24 bytes).
    Removing stm32f0xx_rcc.o(i.RCC_PREDIV1Config), (20 bytes).
    Removing stm32f0xx_rcc.o(i.RCC_RTCCLKCmd), (28 bytes).
    Removing stm32f0xx_rcc.o(i.RCC_RTCCLKConfig), (16 bytes).
    Removing stm32f0xx_rcc.o(i.RCC_USARTCLKConfig), (48 bytes).
    Removing stm32f0xx_rcc.o(i.RCC_USBCLKConfig), (24 bytes).
    Removing stm32f0xx_rcc.o(i.RCC_WaitForHSEStartUp), (44 bytes).
    Removing stm32f0xx_rtc.o(.rev16_text), (4 bytes).
    Removing stm32f0xx_rtc.o(.revsh_text), (4 bytes).
    Removing stm32f0xx_rtc.o(i.RTC_AlarmCmd), (80 bytes).
    Removing stm32f0xx_rtc.o(i.RTC_AlarmStructInit), (20 bytes).
    Removing stm32f0xx_rtc.o(i.RTC_AlarmSubSecondConfig), (32 bytes).
    Removing stm32f0xx_rtc.o(i.RTC_Bcd2ToByte), (16 bytes).
    Removing stm32f0xx_rtc.o(i.RTC_BypassShadowCmd), (40 bytes).
    Removing stm32f0xx_rtc.o(i.RTC_ByteToBcd2), (24 bytes).
    Removing stm32f0xx_rtc.o(i.RTC_CalibOutputCmd), (40 bytes).
    Removing stm32f0xx_rtc.o(i.RTC_CalibOutputConfig), (36 bytes).
    Removing stm32f0xx_rtc.o(i.RTC_ClearFlag), (28 bytes).
    Removing stm32f0xx_rtc.o(i.RTC_ClearITPendingBit), (28 bytes).
    Removing stm32f0xx_rtc.o(i.RTC_DateStructInit), (14 bytes).
    Removing stm32f0xx_rtc.o(i.RTC_DayLightSavingConfig), (40 bytes).
    Removing stm32f0xx_rtc.o(i.RTC_DeInit), (92 bytes).
    Removing stm32f0xx_rtc.o(i.RTC_EnterInitMode), (60 bytes).
    Removing stm32f0xx_rtc.o(i.RTC_ExitInitMode), (16 bytes).
    Removing stm32f0xx_rtc.o(i.RTC_GetAlarm), (100 bytes).
    Removing stm32f0xx_rtc.o(i.RTC_GetAlarmSubSecond), (16 bytes).
    Removing stm32f0xx_rtc.o(i.RTC_GetDate), (72 bytes).
    Removing stm32f0xx_rtc.o(i.RTC_GetFlagStatus), (28 bytes).
    Removing stm32f0xx_rtc.o(i.RTC_GetITStatus), (60 bytes).
    Removing stm32f0xx_rtc.o(i.RTC_GetStoreOperation), (16 bytes).
    Removing stm32f0xx_rtc.o(i.RTC_GetSubSecond), (12 bytes).
    Removing stm32f0xx_rtc.o(i.RTC_GetTime), (80 bytes).
    Removing stm32f0xx_rtc.o(i.RTC_GetTimeStamp), (136 bytes).
    Removing stm32f0xx_rtc.o(i.RTC_GetTimeStampSubSecond), (12 bytes).
    Removing stm32f0xx_rtc.o(i.RTC_GetWakeUpCounter), (12 bytes).
    Removing stm32f0xx_rtc.o(i.RTC_ITConfig), (60 bytes).
    Removing stm32f0xx_rtc.o(i.RTC_Init), (72 bytes).
    Removing stm32f0xx_rtc.o(i.RTC_OutputConfig), (40 bytes).
    Removing stm32f0xx_rtc.o(i.RTC_OutputTypeConfig), (24 bytes).
    Removing stm32f0xx_rtc.o(i.RTC_ReadBackupRegister), (20 bytes).
    Removing stm32f0xx_rtc.o(i.RTC_RefClockCmd), (60 bytes).
    Removing stm32f0xx_rtc.o(i.RTC_SetAlarm), (136 bytes).
    Removing stm32f0xx_rtc.o(i.RTC_SetDate), (148 bytes).
    Removing stm32f0xx_rtc.o(i.RTC_SetTime), (152 bytes).
    Removing stm32f0xx_rtc.o(i.RTC_SetWakeUpCounter), (24 bytes).
    Removing stm32f0xx_rtc.o(i.RTC_SmoothCalibConfig), (64 bytes).
    Removing stm32f0xx_rtc.o(i.RTC_StructInit), (14 bytes).
    Removing stm32f0xx_rtc.o(i.RTC_SynchroShiftConfig), (76 bytes).
    Removing stm32f0xx_rtc.o(i.RTC_TamperCmd), (24 bytes).
    Removing stm32f0xx_rtc.o(i.RTC_TamperFilterConfig), (24 bytes).
    Removing stm32f0xx_rtc.o(i.RTC_TamperPinsPrechargeDuration), (24 bytes).
    Removing stm32f0xx_rtc.o(i.RTC_TamperPullUpCmd), (24 bytes).
    Removing stm32f0xx_rtc.o(i.RTC_TamperSamplingFreqConfig), (24 bytes).
    Removing stm32f0xx_rtc.o(i.RTC_TamperTriggerConfig), (24 bytes).
    Removing stm32f0xx_rtc.o(i.RTC_TimeStampCmd), (44 bytes).
    Removing stm32f0xx_rtc.o(i.RTC_TimeStampOnTamperDetectionCmd), (24 bytes).
    Removing stm32f0xx_rtc.o(i.RTC_TimeStructInit), (12 bytes).
    Removing stm32f0xx_rtc.o(i.RTC_WaitForSynchro), (80 bytes).
    Removing stm32f0xx_rtc.o(i.RTC_WakeUpClockConfig), (36 bytes).
    Removing stm32f0xx_rtc.o(i.RTC_WakeUpCmd), (80 bytes).
    Removing stm32f0xx_rtc.o(i.RTC_WriteBackupRegister), (20 bytes).
    Removing stm32f0xx_rtc.o(i.RTC_WriteProtectionCmd), (24 bytes).
    Removing stm32f0xx_spi.o(.rev16_text), (4 bytes).
    Removing stm32f0xx_spi.o(.revsh_text), (4 bytes).
    Removing stm32f0xx_spi.o(i.I2S_Cmd), (28 bytes).
    Removing stm32f0xx_spi.o(i.I2S_Init), (156 bytes).
    Removing stm32f0xx_spi.o(i.I2S_StructInit), (18 bytes).
    Removing stm32f0xx_spi.o(i.SPI_BiDirectionalLineConfig), (28 bytes).
    Removing stm32f0xx_spi.o(i.SPI_CRCLengthConfig), (20 bytes).
    Removing stm32f0xx_spi.o(i.SPI_CalculateCRC), (28 bytes).
    Removing stm32f0xx_spi.o(i.SPI_Cmd), (18 bytes).
    Removing stm32f0xx_spi.o(i.SPI_DataSizeConfig), (16 bytes).
    Removing stm32f0xx_spi.o(i.SPI_GetCRC), (12 bytes).
    Removing stm32f0xx_spi.o(i.SPI_GetCRCPolynomial), (4 bytes).
    Removing stm32f0xx_spi.o(i.SPI_GetReceptionFIFOStatus), (10 bytes).
    Removing stm32f0xx_spi.o(i.SPI_GetTransmissionFIFOStatus), (10 bytes).
    Removing stm32f0xx_spi.o(i.SPI_I2S_ClearFlag), (6 bytes).
    Removing stm32f0xx_spi.o(i.SPI_I2S_DMACmd), (16 bytes).
    Removing stm32f0xx_spi.o(i.SPI_I2S_DeInit), (64 bytes).
    Removing stm32f0xx_spi.o(i.SPI_I2S_GetFlagStatus), (14 bytes).
    Removing stm32f0xx_spi.o(i.SPI_I2S_GetITStatus), (42 bytes).
    Removing stm32f0xx_spi.o(i.SPI_I2S_ITConfig), (24 bytes).
    Removing stm32f0xx_spi.o(i.SPI_I2S_ReceiveData16), (4 bytes).
    Removing stm32f0xx_spi.o(i.SPI_I2S_SendData16), (4 bytes).
    Removing stm32f0xx_spi.o(i.SPI_Init), (84 bytes).
    Removing stm32f0xx_spi.o(i.SPI_LastDMATransferCmd), (20 bytes).
    Removing stm32f0xx_spi.o(i.SPI_NSSInternalSoftwareConfig), (28 bytes).
    Removing stm32f0xx_spi.o(i.SPI_NSSPulseModeCmd), (18 bytes).
    Removing stm32f0xx_spi.o(i.SPI_ReceiveData8), (4 bytes).
    Removing stm32f0xx_spi.o(i.SPI_RxFIFOThresholdConfig), (20 bytes).
    Removing stm32f0xx_spi.o(i.SPI_SSOutputCmd), (18 bytes).
    Removing stm32f0xx_spi.o(i.SPI_SendData8), (4 bytes).
    Removing stm32f0xx_spi.o(i.SPI_StructInit), (28 bytes).
    Removing stm32f0xx_spi.o(i.SPI_TIModeCmd), (18 bytes).
    Removing stm32f0xx_spi.o(i.SPI_TransmitCRC), (12 bytes).
    Removing stm32f0xx_syscfg.o(.rev16_text), (4 bytes).
    Removing stm32f0xx_syscfg.o(.revsh_text), (4 bytes).
    Removing stm32f0xx_syscfg.o(i.SYSCFG_BreakConfig), (16 bytes).
    Removing stm32f0xx_syscfg.o(i.SYSCFG_ClearFlag), (16 bytes).
    Removing stm32f0xx_syscfg.o(i.SYSCFG_DMAChannelRemapConfig), (24 bytes).
    Removing stm32f0xx_syscfg.o(i.SYSCFG_DeInit), (36 bytes).
    Removing stm32f0xx_syscfg.o(i.SYSCFG_EXTILineConfig), (40 bytes).
    Removing stm32f0xx_syscfg.o(i.SYSCFG_GetFlagStatus), (20 bytes).
    Removing stm32f0xx_syscfg.o(i.SYSCFG_GetPendingIT), (24 bytes).
    Removing stm32f0xx_syscfg.o(i.SYSCFG_I2CFastModePlusConfig), (24 bytes).
    Removing stm32f0xx_syscfg.o(i.SYSCFG_IRDAEnvSelection), (24 bytes).
    Removing stm32f0xx_syscfg.o(i.SYSCFG_MemoryRemapConfig), (20 bytes).
    Removing stm32f0xx_tim.o(.rev16_text), (4 bytes).
    Removing stm32f0xx_tim.o(.revsh_text), (4 bytes).
    Removing stm32f0xx_tim.o(i.TI1_Config), (40 bytes).
    Removing stm32f0xx_tim.o(i.TI2_Config), (48 bytes).
    Removing stm32f0xx_tim.o(i.TIM_ARRPreloadConfig), (18 bytes).
    Removing stm32f0xx_tim.o(i.TIM_BDTRConfig), (34 bytes).
    Removing stm32f0xx_tim.o(i.TIM_BDTRStructInit), (18 bytes).
    Removing stm32f0xx_tim.o(i.TIM_CCPreloadControl), (20 bytes).
    Removing stm32f0xx_tim.o(i.TIM_CCxCmd), (22 bytes).
    Removing stm32f0xx_tim.o(i.TIM_CCxNCmd), (22 bytes).
    Removing stm32f0xx_tim.o(i.TIM_ClearFlag), (6 bytes).
    Removing stm32f0xx_tim.o(i.TIM_ClearOC1Ref), (12 bytes).
    Removing stm32f0xx_tim.o(i.TIM_ClearOC2Ref), (14 bytes).
    Removing stm32f0xx_tim.o(i.TIM_ClearOC3Ref), (12 bytes).
    Removing stm32f0xx_tim.o(i.TIM_ClearOC4Ref), (14 bytes).
    Removing stm32f0xx_tim.o(i.TIM_CounterModeConfig), (12 bytes).
    Removing stm32f0xx_tim.o(i.TIM_CtrlPWMOutputs), (24 bytes).
    Removing stm32f0xx_tim.o(i.TIM_DMACmd), (16 bytes).
    Removing stm32f0xx_tim.o(i.TIM_DMAConfig), (8 bytes).
    Removing stm32f0xx_tim.o(i.TIM_ETRClockMode1Config), (28 bytes).
    Removing stm32f0xx_tim.o(i.TIM_ETRClockMode2Config), (20 bytes).
    Removing stm32f0xx_tim.o(i.TIM_ETRConfig), (18 bytes).
    Removing stm32f0xx_tim.o(i.TIM_EncoderInterfaceConfig), (48 bytes).
    Removing stm32f0xx_tim.o(i.TIM_ForcedOC1Config), (12 bytes).
    Removing stm32f0xx_tim.o(i.TIM_ForcedOC2Config), (20 bytes).
    Removing stm32f0xx_tim.o(i.TIM_ForcedOC3Config), (12 bytes).
    Removing stm32f0xx_tim.o(i.TIM_ForcedOC4Config), (20 bytes).
    Removing stm32f0xx_tim.o(i.TIM_GenerateEvent), (4 bytes).
    Removing stm32f0xx_tim.o(i.TIM_GetCapture1), (4 bytes).
    Removing stm32f0xx_tim.o(i.TIM_GetCapture2), (4 bytes).
    Removing stm32f0xx_tim.o(i.TIM_GetCapture3), (4 bytes).
    Removing stm32f0xx_tim.o(i.TIM_GetCapture4), (4 bytes).
    Removing stm32f0xx_tim.o(i.TIM_GetCounter), (4 bytes).
    Removing stm32f0xx_tim.o(i.TIM_GetFlagStatus), (14 bytes).
    Removing stm32f0xx_tim.o(i.TIM_GetPrescaler), (4 bytes).
    Removing stm32f0xx_tim.o(i.TIM_ICInit), (184 bytes).
    Removing stm32f0xx_tim.o(i.TIM_ICStructInit), (16 bytes).
    Removing stm32f0xx_tim.o(i.TIM_ITRxExternalClockConfig), (18 bytes).
    Removing stm32f0xx_tim.o(i.TIM_InternalClockConfig), (10 bytes).
    Removing stm32f0xx_tim.o(i.TIM_OC1FastConfig), (12 bytes).
    Removing stm32f0xx_tim.o(i.TIM_OC1Init), (124 bytes).
    Removing stm32f0xx_tim.o(i.TIM_OC1NPolarityConfig), (12 bytes).
    Removing stm32f0xx_tim.o(i.TIM_OC1PolarityConfig), (12 bytes).
    Removing stm32f0xx_tim.o(i.TIM_OC1PreloadConfig), (12 bytes).
    Removing stm32f0xx_tim.o(i.TIM_OC2FastConfig), (20 bytes).
    Removing stm32f0xx_tim.o(i.TIM_OC2Init), (144 bytes).
    Removing stm32f0xx_tim.o(i.TIM_OC2NPolarityConfig), (14 bytes).
    Removing stm32f0xx_tim.o(i.TIM_OC2PolarityConfig), (14 bytes).
    Removing stm32f0xx_tim.o(i.TIM_OC2PreloadConfig), (20 bytes).
    Removing stm32f0xx_tim.o(i.TIM_OC3FastConfig), (12 bytes).
    Removing stm32f0xx_tim.o(i.TIM_OC3Init), (136 bytes).
    Removing stm32f0xx_tim.o(i.TIM_OC3NPolarityConfig), (20 bytes).
    Removing stm32f0xx_tim.o(i.TIM_OC3PolarityConfig), (20 bytes).
    Removing stm32f0xx_tim.o(i.TIM_OC3PreloadConfig), (12 bytes).
    Removing stm32f0xx_tim.o(i.TIM_OC4FastConfig), (20 bytes).
    Removing stm32f0xx_tim.o(i.TIM_OC4Init), (100 bytes).
    Removing stm32f0xx_tim.o(i.TIM_OC4PolarityConfig), (20 bytes).
    Removing stm32f0xx_tim.o(i.TIM_OC4PreloadConfig), (20 bytes).
    Removing stm32f0xx_tim.o(i.TIM_OCStructInit), (20 bytes).
    Removing stm32f0xx_tim.o(i.TIM_PWMIConfig), (104 bytes).
    Removing stm32f0xx_tim.o(i.TIM_PrescalerConfig), (6 bytes).
    Removing stm32f0xx_tim.o(i.TIM_RemapConfig), (6 bytes).
    Removing stm32f0xx_tim.o(i.TIM_SelectCCDMA), (18 bytes).
    Removing stm32f0xx_tim.o(i.TIM_SelectCOM), (18 bytes).
    Removing stm32f0xx_tim.o(i.TIM_SelectHallSensor), (18 bytes).
    Removing stm32f0xx_tim.o(i.TIM_SelectInputTrigger), (12 bytes).
    Removing stm32f0xx_tim.o(i.TIM_SelectMasterSlaveMode), (16 bytes).
    Removing stm32f0xx_tim.o(i.TIM_SelectOCREFClear), (16 bytes).
    Removing stm32f0xx_tim.o(i.TIM_SelectOCxM), (70 bytes).
    Removing stm32f0xx_tim.o(i.TIM_SelectOnePulseMode), (16 bytes).
    Removing stm32f0xx_tim.o(i.TIM_SelectSlaveMode), (16 bytes).
    Removing stm32f0xx_tim.o(i.TIM_SetAutoreload), (4 bytes).
    Removing stm32f0xx_tim.o(i.TIM_SetClockDivision), (20 bytes).
    Removing stm32f0xx_tim.o(i.TIM_SetCompare1), (4 bytes).
    Removing stm32f0xx_tim.o(i.TIM_SetCompare2), (4 bytes).
    Removing stm32f0xx_tim.o(i.TIM_SetCompare3), (4 bytes).
    Removing stm32f0xx_tim.o(i.TIM_SetCompare4), (4 bytes).
    Removing stm32f0xx_tim.o(i.TIM_SetCounter), (4 bytes).
    Removing stm32f0xx_tim.o(i.TIM_SetIC1Prescaler), (16 bytes).
    Removing stm32f0xx_tim.o(i.TIM_SetIC2Prescaler), (24 bytes).
    Removing stm32f0xx_tim.o(i.TIM_SetIC3Prescaler), (16 bytes).
    Removing stm32f0xx_tim.o(i.TIM_SetIC4Prescaler), (24 bytes).
    Removing stm32f0xx_tim.o(i.TIM_TIxExternalClockConfig), (48 bytes).
    Removing stm32f0xx_tim.o(i.TIM_UpdateDisableConfig), (18 bytes).
    Removing stm32f0xx_tim.o(i.TIM_UpdateRequestConfig), (18 bytes).
    Removing stm32f0xx_usart.o(.rev16_text), (4 bytes).
    Removing stm32f0xx_usart.o(.revsh_text), (4 bytes).
    Removing stm32f0xx_usart.o(i.USART_AddressDetectionConfig), (16 bytes).
    Removing stm32f0xx_usart.o(i.USART_AutoBaudRateCmd), (20 bytes).
    Removing stm32f0xx_usart.o(i.USART_AutoBaudRateConfig), (18 bytes).
    Removing stm32f0xx_usart.o(i.USART_ClearFlag), (4 bytes).
    Removing stm32f0xx_usart.o(i.USART_ClearITPendingBit), (10 bytes).
    Removing stm32f0xx_usart.o(i.USART_ClockInit), (28 bytes).
    Removing stm32f0xx_usart.o(i.USART_ClockStructInit), (12 bytes).
    Removing stm32f0xx_usart.o(i.USART_Cmd), (20 bytes).
    Removing stm32f0xx_usart.o(i.USART_DECmd), (20 bytes).
    Removing stm32f0xx_usart.o(i.USART_DEPolarityConfig), (18 bytes).
    Removing stm32f0xx_usart.o(i.USART_DMACmd), (16 bytes).
    Removing stm32f0xx_usart.o(i.USART_DMAReceptionErrorConfig), (18 bytes).
    Removing stm32f0xx_usart.o(i.USART_DataInvCmd), (20 bytes).
    Removing stm32f0xx_usart.o(i.USART_DeInit), (184 bytes).
    Removing stm32f0xx_usart.o(i.USART_DirectionModeCmd), (16 bytes).
    Removing stm32f0xx_usart.o(i.USART_GetFlagStatus), (14 bytes).
    Removing stm32f0xx_usart.o(i.USART_GetITStatus), (56 bytes).
    Removing stm32f0xx_usart.o(i.USART_HalfDuplexCmd), (18 bytes).
    Removing stm32f0xx_usart.o(i.USART_ITConfig), (42 bytes).
    Removing stm32f0xx_usart.o(i.USART_Init), (168 bytes).
    Removing stm32f0xx_usart.o(i.USART_InvPinCmd), (16 bytes).
    Removing stm32f0xx_usart.o(i.USART_IrDACmd), (18 bytes).
    Removing stm32f0xx_usart.o(i.USART_IrDAConfig), (16 bytes).
    Removing stm32f0xx_usart.o(i.USART_LINBreakDetectLengthConfig), (16 bytes).
    Removing stm32f0xx_usart.o(i.USART_LINCmd), (20 bytes).
    Removing stm32f0xx_usart.o(i.USART_MSBFirstCmd), (20 bytes).
    Removing stm32f0xx_usart.o(i.USART_MuteModeCmd), (20 bytes).
    Removing stm32f0xx_usart.o(i.USART_MuteModeWakeUpConfig), (18 bytes).
    Removing stm32f0xx_usart.o(i.USART_OneBitMethodCmd), (20 bytes).
    Removing stm32f0xx_usart.o(i.USART_OverSampling8Cmd), (20 bytes).
    Removing stm32f0xx_usart.o(i.USART_OverrunDetectionConfig), (18 bytes).
    Removing stm32f0xx_usart.o(i.USART_ReceiveData), (8 bytes).
    Removing stm32f0xx_usart.o(i.USART_ReceiverTimeOutCmd), (20 bytes).
    Removing stm32f0xx_usart.o(i.USART_RequestCmd), (16 bytes).
    Removing stm32f0xx_usart.o(i.USART_STOPModeCmd), (18 bytes).
    Removing stm32f0xx_usart.o(i.USART_SWAPPinCmd), (20 bytes).
    Removing stm32f0xx_usart.o(i.USART_SendData), (8 bytes).
    Removing stm32f0xx_usart.o(i.USART_SetAddress), (18 bytes).
    Removing stm32f0xx_usart.o(i.USART_SetAutoRetryCount), (20 bytes).
    Removing stm32f0xx_usart.o(i.USART_SetBlockLength), (18 bytes).
    Removing stm32f0xx_usart.o(i.USART_SetDEAssertionTime), (20 bytes).
    Removing stm32f0xx_usart.o(i.USART_SetDEDeassertionTime), (20 bytes).
    Removing stm32f0xx_usart.o(i.USART_SetGuardTime), (16 bytes).
    Removing stm32f0xx_usart.o(i.USART_SetPrescaler), (16 bytes).
    Removing stm32f0xx_usart.o(i.USART_SetReceiverTimeOut), (16 bytes).
    Removing stm32f0xx_usart.o(i.USART_SmartCardCmd), (18 bytes).
    Removing stm32f0xx_usart.o(i.USART_SmartCardNACKCmd), (18 bytes).
    Removing stm32f0xx_usart.o(i.USART_StopModeWakeUpSourceConfig), (18 bytes).
    Removing stm32f0xx_usart.o(i.USART_StructInit), (22 bytes).
    Removing stm32f0xx_wwdg.o(.rev16_text), (4 bytes).
    Removing stm32f0xx_wwdg.o(.revsh_text), (4 bytes).
    Removing stm32f0xx_wwdg.o(i.WWDG_ClearFlag), (12 bytes).
    Removing stm32f0xx_wwdg.o(i.WWDG_DeInit), (22 bytes).
    Removing stm32f0xx_wwdg.o(i.WWDG_Enable), (16 bytes).
    Removing stm32f0xx_wwdg.o(i.WWDG_EnableIT), (16 bytes).
    Removing stm32f0xx_wwdg.o(i.WWDG_GetFlagStatus), (20 bytes).
    Removing stm32f0xx_wwdg.o(i.WWDG_SetCounter), (16 bytes).
    Removing stm32f0xx_wwdg.o(i.WWDG_SetPrescaler), (20 bytes).
    Removing stm32f0xx_wwdg.o(i.WWDG_SetWindowValue), (28 bytes).
    Removing system_stm32f0xx.o(.rev16_text), (4 bytes).
    Removing system_stm32f0xx.o(.revsh_text), (4 bytes).
    Removing system_stm32f0xx.o(i.SystemCoreClockUpdate), (108 bytes).
    Removing system_stm32f0xx.o(.data), (20 bytes).
    Removing startup_stm32f0xx_ld.o(HEAP), (512 bytes).

611 unused section(s) (total 18212 bytes) removed from the image.

==============================================================================

Image Symbol Table

    Local Symbols

    Symbol Name                              Value     Ov Type        Size  Object(Section)

    ../clib/microlib/division.c              0x00000000   Number         0  uidiv.o ABSOLUTE
    ../clib/microlib/division.c              0x00000000   Number         0  idiv.o ABSOLUTE
    ../clib/microlib/init/entry.s            0x00000000   Number         0  entry.o ABSOLUTE
    ../clib/microlib/init/entry.s            0x00000000   Number         0  entry2.o ABSOLUTE
    ../clib/microlib/init/entry.s            0x00000000   Number         0  entry5.o ABSOLUTE
    ../clib/microlib/init/entry.s            0x00000000   Number         0  entry7a.o ABSOLUTE
    ../clib/microlib/init/entry.s            0x00000000   Number         0  entry7b.o ABSOLUTE
    ../clib/microlib/init/entry.s            0x00000000   Number         0  entry8a.o ABSOLUTE
    ../clib/microlib/init/entry.s            0x00000000   Number         0  entry11b.o ABSOLUTE
    ../clib/microlib/init/entry.s            0x00000000   Number         0  entry11a.o ABSOLUTE
    ../clib/microlib/init/entry.s            0x00000000   Number         0  entry10b.o ABSOLUTE
    ../clib/microlib/init/entry.s            0x00000000   Number         0  entry8b.o ABSOLUTE
    ../clib/microlib/init/entry.s            0x00000000   Number         0  entry10a.o ABSOLUTE
    ../clib/microlib/init/entry.s            0x00000000   Number         0  entry9b.o ABSOLUTE
    ../clib/microlib/init/entry.s            0x00000000   Number         0  entry9a.o ABSOLUTE
    ../clib/microlib/unhosted.c              0x00000000   Number         0  uread4.o ABSOLUTE
    ..\I2C_driver.c                          0x00000000   Number         0  i2c_driver.o ABSOLUTE
    ..\Libraries\CMSIS\Device\ST\STM32F0xx\Source\Templates\arm\startup_stm32f0xx_ld.s 0x00000000   Number         0  startup_stm32f0xx_ld.o ABSOLUTE
    ..\Libraries\STM32F0xx_StdPeriph_Driver\src\stm32f0xx_adc.c 0x00000000   Number         0  stm32f0xx_adc.o ABSOLUTE
    ..\Libraries\STM32F0xx_StdPeriph_Driver\src\stm32f0xx_can.c 0x00000000   Number         0  stm32f0xx_can.o ABSOLUTE
    ..\Libraries\STM32F0xx_StdPeriph_Driver\src\stm32f0xx_cec.c 0x00000000   Number         0  stm32f0xx_cec.o ABSOLUTE
    ..\Libraries\STM32F0xx_StdPeriph_Driver\src\stm32f0xx_comp.c 0x00000000   Number         0  stm32f0xx_comp.o ABSOLUTE
    ..\Libraries\STM32F0xx_StdPeriph_Driver\src\stm32f0xx_crc.c 0x00000000   Number         0  stm32f0xx_crc.o ABSOLUTE
    ..\Libraries\STM32F0xx_StdPeriph_Driver\src\stm32f0xx_crs.c 0x00000000   Number         0  stm32f0xx_crs.o ABSOLUTE
    ..\Libraries\STM32F0xx_StdPeriph_Driver\src\stm32f0xx_dac.c 0x00000000   Number         0  stm32f0xx_dac.o ABSOLUTE
    ..\Libraries\STM32F0xx_StdPeriph_Driver\src\stm32f0xx_dbgmcu.c 0x00000000   Number         0  stm32f0xx_dbgmcu.o ABSOLUTE
    ..\Libraries\STM32F0xx_StdPeriph_Driver\src\stm32f0xx_dma.c 0x00000000   Number         0  stm32f0xx_dma.o ABSOLUTE
    ..\Libraries\STM32F0xx_StdPeriph_Driver\src\stm32f0xx_exti.c 0x00000000   Number         0  stm32f0xx_exti.o ABSOLUTE
    ..\Libraries\STM32F0xx_StdPeriph_Driver\src\stm32f0xx_flash.c 0x00000000   Number         0  stm32f0xx_flash.o ABSOLUTE
    ..\Libraries\STM32F0xx_StdPeriph_Driver\src\stm32f0xx_gpio.c 0x00000000   Number         0  stm32f0xx_gpio.o ABSOLUTE
    ..\Libraries\STM32F0xx_StdPeriph_Driver\src\stm32f0xx_i2c.c 0x00000000   Number         0  stm32f0xx_i2c.o ABSOLUTE
    ..\Libraries\STM32F0xx_StdPeriph_Driver\src\stm32f0xx_iwdg.c 0x00000000   Number         0  stm32f0xx_iwdg.o ABSOLUTE
    ..\Libraries\STM32F0xx_StdPeriph_Driver\src\stm32f0xx_misc.c 0x00000000   Number         0  stm32f0xx_misc.o ABSOLUTE
    ..\Libraries\STM32F0xx_StdPeriph_Driver\src\stm32f0xx_pwr.c 0x00000000   Number         0  stm32f0xx_pwr.o ABSOLUTE
    ..\Libraries\STM32F0xx_StdPeriph_Driver\src\stm32f0xx_rcc.c 0x00000000   Number         0  stm32f0xx_rcc.o ABSOLUTE
    ..\Libraries\STM32F0xx_StdPeriph_Driver\src\stm32f0xx_rtc.c 0x00000000   Number         0  stm32f0xx_rtc.o ABSOLUTE
    ..\Libraries\STM32F0xx_StdPeriph_Driver\src\stm32f0xx_spi.c 0x00000000   Number         0  stm32f0xx_spi.o ABSOLUTE
    ..\Libraries\STM32F0xx_StdPeriph_Driver\src\stm32f0xx_syscfg.c 0x00000000   Number         0  stm32f0xx_syscfg.o ABSOLUTE
    ..\Libraries\STM32F0xx_StdPeriph_Driver\src\stm32f0xx_tim.c 0x00000000   Number         0  stm32f0xx_tim.o ABSOLUTE
    ..\Libraries\STM32F0xx_StdPeriph_Driver\src\stm32f0xx_usart.c 0x00000000   Number         0  stm32f0xx_usart.o ABSOLUTE
    ..\Libraries\STM32F0xx_StdPeriph_Driver\src\stm32f0xx_wwdg.c 0x00000000   Number         0  stm32f0xx_wwdg.o ABSOLUTE
    ..\SelfStudy.c                           0x00000000   Number         0  selfstudy.o ABSOLUTE
    ..\\I2C_driver.c                         0x00000000   Number         0  i2c_driver.o ABSOLUTE
    ..\\Libraries\\STM32F0xx_StdPeriph_Driver\\src\\stm32f0xx_adc.c 0x00000000   Number         0  stm32f0xx_adc.o ABSOLUTE
    ..\\Libraries\\STM32F0xx_StdPeriph_Driver\\src\\stm32f0xx_can.c 0x00000000   Number         0  stm32f0xx_can.o ABSOLUTE
    ..\\Libraries\\STM32F0xx_StdPeriph_Driver\\src\\stm32f0xx_cec.c 0x00000000   Number         0  stm32f0xx_cec.o ABSOLUTE
    ..\\Libraries\\STM32F0xx_StdPeriph_Driver\\src\\stm32f0xx_comp.c 0x00000000   Number         0  stm32f0xx_comp.o ABSOLUTE
    ..\\Libraries\\STM32F0xx_StdPeriph_Driver\\src\\stm32f0xx_crc.c 0x00000000   Number         0  stm32f0xx_crc.o ABSOLUTE
    ..\\Libraries\\STM32F0xx_StdPeriph_Driver\\src\\stm32f0xx_crs.c 0x00000000   Number         0  stm32f0xx_crs.o ABSOLUTE
    ..\\Libraries\\STM32F0xx_StdPeriph_Driver\\src\\stm32f0xx_dac.c 0x00000000   Number         0  stm32f0xx_dac.o ABSOLUTE
    ..\\Libraries\\STM32F0xx_StdPeriph_Driver\\src\\stm32f0xx_dbgmcu.c 0x00000000   Number         0  stm32f0xx_dbgmcu.o ABSOLUTE
    ..\\Libraries\\STM32F0xx_StdPeriph_Driver\\src\\stm32f0xx_dma.c 0x00000000   Number         0  stm32f0xx_dma.o ABSOLUTE
    ..\\Libraries\\STM32F0xx_StdPeriph_Driver\\src\\stm32f0xx_exti.c 0x00000000   Number         0  stm32f0xx_exti.o ABSOLUTE
    ..\\Libraries\\STM32F0xx_StdPeriph_Driver\\src\\stm32f0xx_flash.c 0x00000000   Number         0  stm32f0xx_flash.o ABSOLUTE
    ..\\Libraries\\STM32F0xx_StdPeriph_Driver\\src\\stm32f0xx_gpio.c 0x00000000   Number         0  stm32f0xx_gpio.o ABSOLUTE
    ..\\Libraries\\STM32F0xx_StdPeriph_Driver\\src\\stm32f0xx_i2c.c 0x00000000   Number         0  stm32f0xx_i2c.o ABSOLUTE
    ..\\Libraries\\STM32F0xx_StdPeriph_Driver\\src\\stm32f0xx_iwdg.c 0x00000000   Number         0  stm32f0xx_iwdg.o ABSOLUTE
    ..\\Libraries\\STM32F0xx_StdPeriph_Driver\\src\\stm32f0xx_misc.c 0x00000000   Number         0  stm32f0xx_misc.o ABSOLUTE
    ..\\Libraries\\STM32F0xx_StdPeriph_Driver\\src\\stm32f0xx_pwr.c 0x00000000   Number         0  stm32f0xx_pwr.o ABSOLUTE
    ..\\Libraries\\STM32F0xx_StdPeriph_Driver\\src\\stm32f0xx_rcc.c 0x00000000   Number         0  stm32f0xx_rcc.o ABSOLUTE
    ..\\Libraries\\STM32F0xx_StdPeriph_Driver\\src\\stm32f0xx_rtc.c 0x00000000   Number         0  stm32f0xx_rtc.o ABSOLUTE
    ..\\Libraries\\STM32F0xx_StdPeriph_Driver\\src\\stm32f0xx_spi.c 0x00000000   Number         0  stm32f0xx_spi.o ABSOLUTE
    ..\\Libraries\\STM32F0xx_StdPeriph_Driver\\src\\stm32f0xx_syscfg.c 0x00000000   Number         0  stm32f0xx_syscfg.o ABSOLUTE
    ..\\Libraries\\STM32F0xx_StdPeriph_Driver\\src\\stm32f0xx_tim.c 0x00000000   Number         0  stm32f0xx_tim.o ABSOLUTE
    ..\\Libraries\\STM32F0xx_StdPeriph_Driver\\src\\stm32f0xx_usart.c 0x00000000   Number         0  stm32f0xx_usart.o ABSOLUTE
    ..\\Libraries\\STM32F0xx_StdPeriph_Driver\\src\\stm32f0xx_wwdg.c 0x00000000   Number         0  stm32f0xx_wwdg.o ABSOLUTE
    ..\\SelfStudy.c                          0x00000000   Number         0  selfstudy.o ABSOLUTE
    ..\\bsp_eeprom_24xx.c                    0x00000000   Number         0  bsp_eeprom_24xx.o ABSOLUTE
    ..\\bsp_i2c_gpio.c                       0x00000000   Number         0  bsp_i2c_gpio.o ABSOLUTE
    ..\\differentialDC.c                     0x00000000   Number         0  differentialdc.o ABSOLUTE
    ..\\display.c                            0x00000000   Number         0  display.o ABSOLUTE
    ..\\key.c                                0x00000000   Number         0  key.o ABSOLUTE
    ..\\menu.c                               0x00000000   Number         0  menu.o ABSOLUTE
    ..\\stm32f0xx_it.c                       0x00000000   Number         0  stm32f0xx_it.o ABSOLUTE
    ..\\system_stm32f0xx.c                   0x00000000   Number         0  system_stm32f0xx.o ABSOLUTE
    ..\bsp_eeprom_24xx.c                     0x00000000   Number         0  bsp_eeprom_24xx.o ABSOLUTE
    ..\bsp_i2c_gpio.c                        0x00000000   Number         0  bsp_i2c_gpio.o ABSOLUTE
    ..\differentialDC.c                      0x00000000   Number         0  differentialdc.o ABSOLUTE
    ..\display.c                             0x00000000   Number         0  display.o ABSOLUTE
    ..\key.c                                 0x00000000   Number         0  key.o ABSOLUTE
    ..\menu.c                                0x00000000   Number         0  menu.o ABSOLUTE
    ..\stm32f0xx_it.c                        0x00000000   Number         0  stm32f0xx_it.o ABSOLUTE
    ..\system_stm32f0xx.c                    0x00000000   Number         0  system_stm32f0xx.o ABSOLUTE
    dc.s                                     0x00000000   Number         0  dc.o ABSOLUTE
    handlers.s                               0x00000000   Number         0  handlers.o ABSOLUTE
    init.s                                   0x00000000   Number         0  init.o ABSOLUTE
    main.c                                   0x00000000   Number         0  main.o ABSOLUTE
    main.c                                   0x00000000   Number         0  main.o ABSOLUTE
    RESET                                    0x08000000   Section      176  startup_stm32f0xx_ld.o(RESET)
    .ARM.Collect$$$$00000000                 0x080000b0   Section        0  entry.o(.ARM.Collect$$$$00000000)
    .ARM.Collect$$$$00000001                 0x080000b0   Section        4  entry2.o(.ARM.Collect$$$$00000001)
    .ARM.Collect$$$$00000004                 0x080000b4   Section        4  entry5.o(.ARM.Collect$$$$00000004)
    .ARM.Collect$$$$00000008                 0x080000b8   Section        0  entry7b.o(.ARM.Collect$$$$00000008)
    .ARM.Collect$$$$0000000A                 0x080000b8   Section        0  entry8b.o(.ARM.Collect$$$$0000000A)
    .ARM.Collect$$$$0000000B                 0x080000b8   Section        8  entry9a.o(.ARM.Collect$$$$0000000B)
    .ARM.Collect$$$$0000000D                 0x080000c0   Section        0  entry10a.o(.ARM.Collect$$$$0000000D)
    .ARM.Collect$$$$0000000F                 0x080000c0   Section        0  entry11a.o(.ARM.Collect$$$$0000000F)
    .ARM.Collect$$$$00002712                 0x080000c0   Section        4  entry2.o(.ARM.Collect$$$$00002712)
    __lit__00000000                          0x080000c0   Data           4  entry2.o(.ARM.Collect$$$$00002712)
    .text                                    0x080000c4   Section       88  startup_stm32f0xx_ld.o(.text)
    .text                                    0x0800011c   Section        0  uidiv.o(.text)
    .text                                    0x08000148   Section        0  idiv.o(.text)
    .text                                    0x08000170   Section       36  init.o(.text)
    i.ADCINcalibration                       0x08000194   Section        0  selfstudy.o(i.ADCINcalibration)
    i.ADC_ChannelConfig                      0x08000210   Section        0  stm32f0xx_adc.o(i.ADC_ChannelConfig)
    i.ADC_Cmd                                0x0800021a   Section        0  stm32f0xx_adc.o(i.ADC_Cmd)
    i.ADC_DMACmd                             0x0800022c   Section        0  stm32f0xx_adc.o(i.ADC_DMACmd)
    i.ADC_DMARequestModeConfig               0x08000240   Section        0  stm32f0xx_adc.o(i.ADC_DMARequestModeConfig)
    i.ADC_DeInit                             0x08000250   Section        0  stm32f0xx_adc.o(i.ADC_DeInit)
    i.ADC_GetCalibrationFactor               0x08000270   Section        0  stm32f0xx_adc.o(i.ADC_GetCalibrationFactor)
    i.ADC_GetFlagStatus                      0x0800029e   Section        0  stm32f0xx_adc.o(i.ADC_GetFlagStatus)
    i.ADC_Init                               0x080002bc   Section        0  stm32f0xx_adc.o(i.ADC_Init)
    i.ADC_OverrunModeCmd                     0x080002e8   Section        0  stm32f0xx_adc.o(i.ADC_OverrunModeCmd)
    i.ADC_StartOfConversion                  0x080002fc   Section        0  stm32f0xx_adc.o(i.ADC_StartOfConversion)
    i.ADC_StructInit                         0x08000306   Section        0  stm32f0xx_adc.o(i.ADC_StructInit)
    i.ButtonMapping                          0x08000318   Section        0  differentialdc.o(i.ButtonMapping)
    i.ButtonMappingDisplay                   0x080004ac   Section        0  display.o(i.ButtonMappingDisplay)
    i.Button_Init                            0x0800050c   Section        0  key.o(i.Button_Init)
    i.DAC_Cmd                                0x080005dc   Section        0  stm32f0xx_dac.o(i.DAC_Cmd)
    i.DAC_GPIO_Init                          0x080005f8   Section        0  main.o(i.DAC_GPIO_Init)
    i.DAC_Init                               0x08000628   Section        0  stm32f0xx_dac.o(i.DAC_Init)
    i.DAC_OUT_Init                           0x08000650   Section        0  main.o(i.DAC_OUT_Init)
    i.DAC_SetChannel1Data                    0x08000678   Section        0  stm32f0xx_dac.o(i.DAC_SetChannel1Data)
    i.DAC_SoftwareTriggerCmd                 0x0800068c   Section        0  stm32f0xx_dac.o(i.DAC_SoftwareTriggerCmd)
    i.DMA1_Channel1_IRQHandler               0x080006a8   Section        0  main.o(i.DMA1_Channel1_IRQHandler)
    i.DMA_ClearITPendingBit                  0x0800076c   Section        0  stm32f0xx_dma.o(i.DMA_ClearITPendingBit)
    i.DMA_Cmd                                0x08000784   Section        0  stm32f0xx_dma.o(i.DMA_Cmd)
    i.DMA_DeInit                             0x0800079c   Section        0  stm32f0xx_dma.o(i.DMA_DeInit)
    i.DMA_GetITStatus                        0x0800085c   Section        0  stm32f0xx_dma.o(i.DMA_GetITStatus)
    i.DMA_ITConfig                           0x0800087c   Section        0  stm32f0xx_dma.o(i.DMA_ITConfig)
    i.DMA_Init                               0x0800088c   Section        0  stm32f0xx_dma.o(i.DMA_Init)
    i.DMA_StructInit                         0x080008c8   Section        0  stm32f0xx_dma.o(i.DMA_StructInit)
    i.DisplayMODE                            0x080008e4   Section        0  differentialdc.o(i.DisplayMODE)
    i.DisplayModeONE                         0x080009f0   Section        0  differentialdc.o(i.DisplayModeONE)
    i.DisplayModeTHIRD                       0x08000b28   Section        0  differentialdc.o(i.DisplayModeTHIRD)
    i.DisplayModeTWO                         0x08000b3c   Section        0  differentialdc.o(i.DisplayModeTWO)
    i.FlashCheck                             0x08000bb4   Section        0  main.o(i.FlashCheck)
    i.Formula_100                            0x08000bf8   Section        0  main.o(i.Formula_100)
    i.GPIO_Init                              0x08000c7c   Section        0  stm32f0xx_gpio.o(i.GPIO_Init)
    i.GPIO_ReadInputDataBit                  0x08000cec   Section        0  stm32f0xx_gpio.o(i.GPIO_ReadInputDataBit)
    i.GPIO_StructInit                        0x08000cfc   Section        0  stm32f0xx_gpio.o(i.GPIO_StructInit)
    i.GPIO_WriteBit                          0x08000d14   Section        0  stm32f0xx_gpio.o(i.GPIO_WriteBit)
    i.GetADCValue                            0x08000d20   Section        0  differentialdc.o(i.GetADCValue)
    i.GetEEPROM                              0x08000d2c   Section        0  differentialdc.o(i.GetEEPROM)
    i.GetIntNumber                           0x08000de0   Section        0  display.o(i.GetIntNumber)
    i.GetMAXADCValue                         0x08000df8   Section        0  selfstudy.o(i.GetMAXADCValue)
    i.HardFault_Handler                      0x08000ef4   Section        0  stm32f0xx_it.o(i.HardFault_Handler)
    i.IO_GPIO_INIT                           0x08000ef8   Section        0  main.o(i.IO_GPIO_INIT)
    i.Key_Scan                               0x08000f74   Section        0  key.o(i.Key_Scan)
    i.MenuOne_CounterSET                     0x0800109c   Section        0  menu.o(i.MenuOne_CounterSET)
    i.MenuTwo_DEL                            0x0800118c   Section        0  menu.o(i.MenuTwo_DEL)
    i.MenuTwo_OUT1_DelaySET                  0x080012e4   Section        0  menu.o(i.MenuTwo_OUT1_DelaySET)
    i.MenuTwo_OUT1_OFFD                      0x080014bc   Section        0  menu.o(i.MenuTwo_OUT1_OFFD)
    i.MenuTwo_OUT1_ON_D                      0x0800163c   Section        0  menu.o(i.MenuTwo_OUT1_ON_D)
    i.MenuTwo_OUT1_SHOT                      0x080017b0   Section        0  menu.o(i.MenuTwo_OUT1_SHOT)
    i.MenuTwo_OUT1_TOFF                      0x08001920   Section        0  menu.o(i.MenuTwo_OUT1_TOFF)
    i.NMI_Handler                            0x08001944   Section        0  stm32f0xx_it.o(i.NMI_Handler)
    i.NVIC_Init                              0x08001948   Section        0  stm32f0xx_misc.o(i.NVIC_Init)
    i.PendSV_Handler                         0x08001998   Section        0  stm32f0xx_it.o(i.PendSV_Handler)
    i.PressCallback                          0x0800199a   Section        0  key.o(i.PressCallback)
    i.RCC_ADCCLKConfig                       0x080019dc   Section        0  stm32f0xx_rcc.o(i.RCC_ADCCLKConfig)
    i.RCC_AHBPeriphClockCmd                  0x08001a08   Section        0  stm32f0xx_rcc.o(i.RCC_AHBPeriphClockCmd)
    i.RCC_APB1PeriphClockCmd                 0x08001a20   Section        0  stm32f0xx_rcc.o(i.RCC_APB1PeriphClockCmd)
    i.RCC_APB1PeriphResetCmd                 0x08001a38   Section        0  stm32f0xx_rcc.o(i.RCC_APB1PeriphResetCmd)
    i.RCC_APB2PeriphClockCmd                 0x08001a50   Section        0  stm32f0xx_rcc.o(i.RCC_APB2PeriphClockCmd)
    i.RCC_APB2PeriphResetCmd                 0x08001a68   Section        0  stm32f0xx_rcc.o(i.RCC_APB2PeriphResetCmd)
    i.RCC_Configuration                      0x08001a80   Section        0  main.o(i.RCC_Configuration)
    i.RCC_DeInit                             0x08001ad8   Section        0  stm32f0xx_rcc.o(i.RCC_DeInit)
    i.RCC_GetClocksFreq                      0x08001b34   Section        0  stm32f0xx_rcc.o(i.RCC_GetClocksFreq)
    i.RCC_GetFlagStatus                      0x08001cac   Section        0  stm32f0xx_rcc.o(i.RCC_GetFlagStatus)
    i.RCC_GetSYSCLKSource                    0x08001ce0   Section        0  stm32f0xx_rcc.o(i.RCC_GetSYSCLKSource)
    i.RCC_HCLKConfig                         0x08001cf0   Section        0  stm32f0xx_rcc.o(i.RCC_HCLKConfig)
    i.RCC_HSICmd                             0x08001d04   Section        0  stm32f0xx_rcc.o(i.RCC_HSICmd)
    i.RCC_PCLKConfig                         0x08001d20   Section        0  stm32f0xx_rcc.o(i.RCC_PCLKConfig)
    i.RCC_PLLCmd                             0x08001d34   Section        0  stm32f0xx_rcc.o(i.RCC_PLLCmd)
    i.RCC_PLLConfig                          0x08001d50   Section        0  stm32f0xx_rcc.o(i.RCC_PLLConfig)
    i.RCC_SYSCLKConfig                       0x08001d6c   Section        0  stm32f0xx_rcc.o(i.RCC_SYSCLKConfig)
    i.ReadButtonStatus                       0x08001d80   Section        0  key.o(i.ReadButtonStatus)
    i.SMG_Diplay                             0x08001d9c   Section        0  display.o(i.SMG_Diplay)
    i.SMG_DisplayMenuOne                     0x08001de8   Section        0  display.o(i.SMG_DisplayMenuOne)
    i.SMG_DisplayMenuTwo_DEL                 0x08001e70   Section        0  display.o(i.SMG_DisplayMenuTwo_DEL)
    i.SMG_DisplayMenuTwo_DEL_SET             0x08001eac   Section        0  display.o(i.SMG_DisplayMenuTwo_DEL_SET)
    i.SMG_DisplayMenuTwo_OFFD                0x08001fb8   Section        0  display.o(i.SMG_DisplayMenuTwo_OFFD)
    i.SMG_DisplayMenuTwo_OFFD_SET            0x08001ff8   Section        0  display.o(i.SMG_DisplayMenuTwo_OFFD_SET)
    i.SMG_DisplayMenuTwo_ON_Delay            0x08002104   Section        0  display.o(i.SMG_DisplayMenuTwo_ON_Delay)
    i.SMG_DisplayMenuTwo_ON_Delay_SET        0x08002144   Section        0  display.o(i.SMG_DisplayMenuTwo_ON_Delay_SET)
    i.SMG_DisplayMenuTwo_SHOT                0x08002250   Section        0  display.o(i.SMG_DisplayMenuTwo_SHOT)
    i.SMG_DisplayMenuTwo_SHOT_SET            0x08002290   Section        0  display.o(i.SMG_DisplayMenuTwo_SHOT_SET)
    i.SMG_DisplayMenuTwo_TOFF                0x0800239c   Section        0  display.o(i.SMG_DisplayMenuTwo_TOFF)
    i.SMG_DisplayModeONE                     0x080023dc   Section        0  display.o(i.SMG_DisplayModeONE)
    i.SMG_DisplayModeTHIRD                   0x080024c4   Section        0  display.o(i.SMG_DisplayModeTHIRD)
    i.SMG_DisplayModeTWO                     0x0800254c   Section        0  display.o(i.SMG_DisplayModeTWO)
    i.SMG_DisplayOUT_STATUS                  0x08002578   Section        0  display.o(i.SMG_DisplayOUT_STATUS)
    i.SMG_DisplaySET_Step_1_Mode             0x080025b4   Section        0  display.o(i.SMG_DisplaySET_Step_1_Mode)
    i.SMG_DisplaySET_Step_2_Mode             0x08002684   Section        0  display.o(i.SMG_DisplaySET_Step_2_Mode)
    i.SMG_GPIO_INIT                          0x08002754   Section        0  main.o(i.SMG_GPIO_INIT)
    i.SVC_Handler                            0x08002934   Section        0  stm32f0xx_it.o(i.SVC_Handler)
    i.SetOUT1Status                          0x08002938   Section        0  differentialdc.o(i.SetOUT1Status)
    i.SetOUT2Status                          0x080029fc   Section        0  differentialdc.o(i.SetOUT2Status)
    i.SetSysClock                            0x08002a3c   Section        0  system_stm32f0xx.o(i.SetSysClock)
    SetSysClock                              0x08002a3d   Thumb Code    80  system_stm32f0xx.o(i.SetSysClock)
    i.ShortCircuitProtection                 0x08002a94   Section        0  differentialdc.o(i.ShortCircuitProtection)
    i.SysTick_Handler                        0x08002ae8   Section        0  stm32f0xx_it.o(i.SysTick_Handler)
    i.SystemInit                             0x08002aec   Section        0  system_stm32f0xx.o(i.SystemInit)
    i.TIM1_BRK_UP_TRG_COM_IRQHandler         0x08002b4c   Section        0  main.o(i.TIM1_BRK_UP_TRG_COM_IRQHandler)
    i.TIM2_IRQHandler                        0x08002b6c   Section        0  main.o(i.TIM2_IRQHandler)
    i.TIM3_IRQHandler                        0x08002b88   Section        0  main.o(i.TIM3_IRQHandler)
    i.TIM_ClearITPendingBit                  0x08002c24   Section        0  stm32f0xx_tim.o(i.TIM_ClearITPendingBit)
    i.TIM_Cmd                                0x08002c2a   Section        0  stm32f0xx_tim.o(i.TIM_Cmd)
    i.TIM_DeInit                             0x08002c40   Section        0  stm32f0xx_tim.o(i.TIM_DeInit)
    i.TIM_GetITStatus                        0x08002d0c   Section        0  stm32f0xx_tim.o(i.TIM_GetITStatus)
    i.TIM_ITConfig                           0x08002d24   Section        0  stm32f0xx_tim.o(i.TIM_ITConfig)
    i.TIM_SelectOutputTrigger                0x08002d34   Section        0  stm32f0xx_tim.o(i.TIM_SelectOutputTrigger)
    i.TIM_TimeBaseInit                       0x08002d44   Section        0  stm32f0xx_tim.o(i.TIM_TimeBaseInit)
    i.TIM_TimeBaseStructInit                 0x08002db8   Section        0  stm32f0xx_tim.o(i.TIM_TimeBaseStructInit)
    i.Test_Delay                             0x08002dca   Section        0  differentialdc.o(i.Test_Delay)
    i.__scatterload_copy                     0x08002dda   Section       14  handlers.o(i.__scatterload_copy)
    i.__scatterload_null                     0x08002de8   Section        2  handlers.o(i.__scatterload_null)
    i.__scatterload_zeroinit                 0x08002dea   Section       14  handlers.o(i.__scatterload_zeroinit)
    i.adc_config                             0x08002df8   Section        0  main.o(i.adc_config)
    i.adc_dma_init                           0x08002e80   Section        0  main.o(i.adc_dma_init)
    i.adc_gpio_init                          0x08002f00   Section        0  main.o(i.adc_gpio_init)
    i.adc_timer_init                         0x08002f30   Section        0  main.o(i.adc_timer_init)
    i.bsp_InitI2C                            0x08002ff4   Section        0  bsp_i2c_gpio.o(i.bsp_InitI2C)
    i.differenttialDC                        0x08003038   Section        0  differentialdc.o(i.differenttialDC)
    i.ee_CheckOk                             0x080030f0   Section        0  bsp_eeprom_24xx.o(i.ee_CheckOk)
    i.ee_ReadBytes                           0x08003108   Section        0  bsp_eeprom_24xx.o(i.ee_ReadBytes)
    i.ee_WriteBytes                          0x08003174   Section        0  bsp_eeprom_24xx.o(i.ee_WriteBytes)
    i.i2c_Ack                                0x080031ec   Section        0  bsp_i2c_gpio.o(i.i2c_Ack)
    i.i2c_CheckDevice                        0x08003214   Section        0  bsp_i2c_gpio.o(i.i2c_CheckDevice)
    i.i2c_Delay                              0x08003244   Section        0  bsp_i2c_gpio.o(i.i2c_Delay)
    i2c_Delay                                0x08003245   Thumb Code    12  bsp_i2c_gpio.o(i.i2c_Delay)
    i.i2c_NAck                               0x08003250   Section        0  bsp_i2c_gpio.o(i.i2c_NAck)
    i.i2c_ReadByte                           0x08003274   Section        0  bsp_i2c_gpio.o(i.i2c_ReadByte)
    i.i2c_SendByte                           0x080032ac   Section        0  bsp_i2c_gpio.o(i.i2c_SendByte)
    i.i2c_Start                              0x080032f4   Section        0  bsp_i2c_gpio.o(i.i2c_Start)
    i.i2c_Stop                               0x0800331c   Section        0  bsp_i2c_gpio.o(i.i2c_Stop)
    i.i2c_WaitAck                            0x08003338   Section        0  bsp_i2c_gpio.o(i.i2c_WaitAck)
    i.main                                   0x0800336c   Section        0  main.o(i.main)
    i.menu                                   0x080033bc   Section        0  menu.o(i.menu)
    i.selfstudy                              0x080034a4   Section        0  selfstudy.o(i.selfstudy)
    i.send_bit_RP1                           0x0800353c   Section        0  display.o(i.send_bit_RP1)
    i.send_seg_RP0                           0x080035f4   Section        0  display.o(i.send_seg_RP0)
    i.user_adc_init                          0x0800368c   Section        0  main.o(i.user_adc_init)
    .constdata                               0x080036a0   Section       98  display.o(.constdata)
    .data                                    0x20000000   Section       40  main.o(.data)
    DMA_GetADC_Counter                       0x20000002   Data           1  main.o(.data)
    .data                                    0x20000028   Section        4  main.o(.data)
    .data                                    0x2000002c   Section       52  differentialdc.o(.data)
    lastCounter                              0x20000038   Data           1  differentialdc.o(.data)
    lastCounter                              0x20000039   Data           1  differentialdc.o(.data)
    LastThreshold                            0x20000042   Data           2  differentialdc.o(.data)
    .data                                    0x20000060   Section        4  differentialdc.o(.data)
    .data                                    0x20000064   Section       20  display.o(.data)
    Blinkflag                                0x20000065   Data           1  display.o(.data)
    Blinkflag                                0x20000066   Data           1  display.o(.data)
    Blinkflag                                0x20000067   Data           1  display.o(.data)
    Blinkflag                                0x20000068   Data           1  display.o(.data)
    Blinkflag                                0x20000069   Data           1  display.o(.data)
    Blinkflag                                0x2000006a   Data           1  display.o(.data)
    Blinkflag                                0x2000006b   Data           1  display.o(.data)
    Blinkflag                                0x2000006c   Data           1  display.o(.data)
    Blinkflag                                0x2000006d   Data           1  display.o(.data)
    bilinkflag                               0x2000006e   Data           1  display.o(.data)
    bilinkflag                               0x2000006f   Data           1  display.o(.data)
    .data                                    0x20000078   Section       20  menu.o(.data)
    lastCounter                              0x20000079   Data           1  menu.o(.data)
    lastCounter                              0x2000007a   Data           1  menu.o(.data)
    lastCounter                              0x2000007b   Data           1  menu.o(.data)
    lastCounter                              0x2000007c   Data           1  menu.o(.data)
    lastCounter                              0x2000007d   Data           1  menu.o(.data)
    lastCounter                              0x2000007e   Data           1  menu.o(.data)
    lastCounter                              0x2000007f   Data           1  menu.o(.data)
    .data                                    0x2000008c   Section       20  selfstudy.o(.data)
    .data                                    0x200000a0   Section       16  stm32f0xx_rcc.o(.data)
    APBAHBPrescTable                         0x200000a0   Data          16  stm32f0xx_rcc.o(.data)
    .bss                                     0x200000b0   Section       64  main.o(.bss)
    .bss                                     0x200000f0   Section       16  differentialdc.o(.bss)
    .bss                                     0x20000100   Section     1032  differentialdc.o(.bss)
    .bss                                     0x20000508   Section        9  display.o(.bss)
    .bss                                     0x20000514   Section      128  key.o(.bss)
    STACK                                    0x20000598   Section     1024  startup_stm32f0xx_ld.o(STACK)

    Global Symbols

    Symbol Name                              Value     Ov Type        Size  Object(Section)

    BuildAttributes$$THM_ISAv3M$S$PE$A:L22$X:L11$S22$IEEE1$IW$USESV6$~STKCKD$USESV7$~SHL$OSPACE$EBA8$MICROLIB$REQ8$PRES8$EABIv2 0x00000000   Number         0  anon$$obj.o ABSOLUTE
    __ARM_use_no_argv                        0x00000000   Number         0  main.o ABSOLUTE
    __cpp_initialize__aeabi_                  - Undefined Weak Reference
    __cxa_finalize                            - Undefined Weak Reference
    __decompress                              - Undefined Weak Reference
    _clock_init                               - Undefined Weak Reference
    _microlib_exit                            - Undefined Weak Reference
    __Vectors_Size                           0x000000b0   Number         0  startup_stm32f0xx_ld.o ABSOLUTE
    __Vectors                                0x08000000   Data           4  startup_stm32f0xx_ld.o(RESET)
    __Vectors_End                            0x080000b0   Data           0  startup_stm32f0xx_ld.o(RESET)
    __main                                   0x080000b1   Thumb Code     0  entry.o(.ARM.Collect$$$$00000000)
    _main_stk                                0x080000b1   Thumb Code     0  entry2.o(.ARM.Collect$$$$00000001)
    _main_scatterload                        0x080000b5   Thumb Code     0  entry5.o(.ARM.Collect$$$$00000004)
    __main_after_scatterload                 0x080000b9   Thumb Code     0  entry5.o(.ARM.Collect$$$$00000004)
    _main_clock                              0x080000b9   Thumb Code     0  entry7b.o(.ARM.Collect$$$$00000008)
    _main_cpp_init                           0x080000b9   Thumb Code     0  entry8b.o(.ARM.Collect$$$$0000000A)
    _main_init                               0x080000b9   Thumb Code     0  entry9a.o(.ARM.Collect$$$$0000000B)
    __rt_final_cpp                           0x080000c1   Thumb Code     0  entry10a.o(.ARM.Collect$$$$0000000D)
    __rt_final_exit                          0x080000c1   Thumb Code     0  entry11a.o(.ARM.Collect$$$$0000000F)
    Reset_Handler                            0x080000c5   Thumb Code    38  startup_stm32f0xx_ld.o(.text)
    ADC1_IRQHandler                          0x080000f5   Thumb Code     0  startup_stm32f0xx_ld.o(.text)
    DMA1_Channel2_3_IRQHandler               0x080000f5   Thumb Code     0  startup_stm32f0xx_ld.o(.text)
    DMA1_Channel4_5_IRQHandler               0x080000f5   Thumb Code     0  startup_stm32f0xx_ld.o(.text)
    EXTI0_1_IRQHandler                       0x080000f5   Thumb Code     0  startup_stm32f0xx_ld.o(.text)
    EXTI2_3_IRQHandler                       0x080000f5   Thumb Code     0  startup_stm32f0xx_ld.o(.text)
    EXTI4_15_IRQHandler                      0x080000f5   Thumb Code     0  startup_stm32f0xx_ld.o(.text)
    FLASH_IRQHandler                         0x080000f5   Thumb Code     0  startup_stm32f0xx_ld.o(.text)
    I2C1_IRQHandler                          0x080000f5   Thumb Code     0  startup_stm32f0xx_ld.o(.text)
    PVD_IRQHandler                           0x080000f5   Thumb Code     0  startup_stm32f0xx_ld.o(.text)
    RCC_IRQHandler                           0x080000f5   Thumb Code     0  startup_stm32f0xx_ld.o(.text)
    RTC_IRQHandler                           0x080000f5   Thumb Code     0  startup_stm32f0xx_ld.o(.text)
    SPI1_IRQHandler                          0x080000f5   Thumb Code     0  startup_stm32f0xx_ld.o(.text)
    TIM14_IRQHandler                         0x080000f5   Thumb Code     0  startup_stm32f0xx_ld.o(.text)
    TIM16_IRQHandler                         0x080000f5   Thumb Code     0  startup_stm32f0xx_ld.o(.text)
    TIM17_IRQHandler                         0x080000f5   Thumb Code     0  startup_stm32f0xx_ld.o(.text)
    TIM1_CC_IRQHandler                       0x080000f5   Thumb Code     0  startup_stm32f0xx_ld.o(.text)
    USART1_IRQHandler                        0x080000f5   Thumb Code     0  startup_stm32f0xx_ld.o(.text)
    WWDG_IRQHandler                          0x080000f5   Thumb Code     0  startup_stm32f0xx_ld.o(.text)
    __aeabi_uidiv                            0x0800011d   Thumb Code     0  uidiv.o(.text)
    __aeabi_uidivmod                         0x0800011d   Thumb Code    44  uidiv.o(.text)
    __aeabi_idiv                             0x08000149   Thumb Code     0  idiv.o(.text)
    __aeabi_idivmod                          0x08000149   Thumb Code    40  idiv.o(.text)
    __scatterload                            0x08000171   Thumb Code    28  init.o(.text)
    __scatterload_rt2                        0x08000171   Thumb Code     0  init.o(.text)
    ADCINcalibration                         0x08000195   Thumb Code   104  selfstudy.o(i.ADCINcalibration)
    ADC_ChannelConfig                        0x08000211   Thumb Code    10  stm32f0xx_adc.o(i.ADC_ChannelConfig)
    ADC_Cmd                                  0x0800021b   Thumb Code    18  stm32f0xx_adc.o(i.ADC_Cmd)
    ADC_DMACmd                               0x0800022d   Thumb Code    20  stm32f0xx_adc.o(i.ADC_DMACmd)
    ADC_DMARequestModeConfig                 0x08000241   Thumb Code    16  stm32f0xx_adc.o(i.ADC_DMARequestModeConfig)
    ADC_DeInit                               0x08000251   Thumb Code    28  stm32f0xx_adc.o(i.ADC_DeInit)
    ADC_GetCalibrationFactor                 0x08000271   Thumb Code    46  stm32f0xx_adc.o(i.ADC_GetCalibrationFactor)
    ADC_GetFlagStatus                        0x0800029f   Thumb Code    28  stm32f0xx_adc.o(i.ADC_GetFlagStatus)
    ADC_Init                                 0x080002bd   Thumb Code    38  stm32f0xx_adc.o(i.ADC_Init)
    ADC_OverrunModeCmd                       0x080002e9   Thumb Code    20  stm32f0xx_adc.o(i.ADC_OverrunModeCmd)
    ADC_StartOfConversion                    0x080002fd   Thumb Code    10  stm32f0xx_adc.o(i.ADC_StartOfConversion)
    ADC_StructInit                           0x08000307   Thumb Code    16  stm32f0xx_adc.o(i.ADC_StructInit)
    ButtonMapping                            0x08000319   Thumb Code   374  differentialdc.o(i.ButtonMapping)
    ButtonMappingDisplay                     0x080004ad   Thumb Code    86  display.o(i.ButtonMappingDisplay)
    Button_Init                              0x0800050d   Thumb Code   194  key.o(i.Button_Init)
    DAC_Cmd                                  0x080005dd   Thumb Code    22  stm32f0xx_dac.o(i.DAC_Cmd)
    DAC_GPIO_Init                            0x080005f9   Thumb Code    46  main.o(i.DAC_GPIO_Init)
    DAC_Init                                 0x08000629   Thumb Code    32  stm32f0xx_dac.o(i.DAC_Init)
    DAC_OUT_Init                             0x08000651   Thumb Code    40  main.o(i.DAC_OUT_Init)
    DAC_SetChannel1Data                      0x08000679   Thumb Code    14  stm32f0xx_dac.o(i.DAC_SetChannel1Data)
    DAC_SoftwareTriggerCmd                   0x0800068d   Thumb Code    24  stm32f0xx_dac.o(i.DAC_SoftwareTriggerCmd)
    DMA1_Channel1_IRQHandler                 0x080006a9   Thumb Code   152  main.o(i.DMA1_Channel1_IRQHandler)
    DMA_ClearITPendingBit                    0x0800076d   Thumb Code    14  stm32f0xx_dma.o(i.DMA_ClearITPendingBit)
    DMA_Cmd                                  0x08000785   Thumb Code    20  stm32f0xx_dma.o(i.DMA_Cmd)
    DMA_DeInit                               0x0800079d   Thumb Code   178  stm32f0xx_dma.o(i.DMA_DeInit)
    DMA_GetITStatus                          0x0800085d   Thumb Code    24  stm32f0xx_dma.o(i.DMA_GetITStatus)
    DMA_ITConfig                             0x0800087d   Thumb Code    16  stm32f0xx_dma.o(i.DMA_ITConfig)
    DMA_Init                                 0x0800088d   Thumb Code    56  stm32f0xx_dma.o(i.DMA_Init)
    DMA_StructInit                           0x080008c9   Thumb Code    26  stm32f0xx_dma.o(i.DMA_StructInit)
    DisplayMODE                              0x080008e5   Thumb Code   246  differentialdc.o(i.DisplayMODE)
    DisplayModeONE                           0x080009f1   Thumb Code   292  differentialdc.o(i.DisplayModeONE)
    DisplayModeTHIRD                         0x08000b29   Thumb Code    14  differentialdc.o(i.DisplayModeTHIRD)
    DisplayModeTWO                           0x08000b3d   Thumb Code   106  differentialdc.o(i.DisplayModeTWO)
    FlashCheck                               0x08000bb5   Thumb Code    56  main.o(i.FlashCheck)
    Formula_100                              0x08000bf9   Thumb Code   126  main.o(i.Formula_100)
    GPIO_Init                                0x08000c7d   Thumb Code   112  stm32f0xx_gpio.o(i.GPIO_Init)
    GPIO_ReadInputDataBit                    0x08000ced   Thumb Code    14  stm32f0xx_gpio.o(i.GPIO_ReadInputDataBit)
    GPIO_StructInit                          0x08000cfd   Thumb Code    18  stm32f0xx_gpio.o(i.GPIO_StructInit)
    GPIO_WriteBit                            0x08000d15   Thumb Code    12  stm32f0xx_gpio.o(i.GPIO_WriteBit)
    GetADCValue                              0x08000d21   Thumb Code     8  differentialdc.o(i.GetADCValue)
    GetEEPROM                                0x08000d2d   Thumb Code   162  differentialdc.o(i.GetEEPROM)
    GetIntNumber                             0x08000de1   Thumb Code    24  display.o(i.GetIntNumber)
    GetMAXADCValue                           0x08000df9   Thumb Code   228  selfstudy.o(i.GetMAXADCValue)
    HardFault_Handler                        0x08000ef5   Thumb Code     2  stm32f0xx_it.o(i.HardFault_Handler)
    IO_GPIO_INIT                             0x08000ef9   Thumb Code   118  main.o(i.IO_GPIO_INIT)
    Key_Scan                                 0x08000f75   Thumb Code   290  key.o(i.Key_Scan)
    MenuOne_CounterSET                       0x0800109d   Thumb Code   218  menu.o(i.MenuOne_CounterSET)
    MenuTwo_DEL                              0x0800118d   Thumb Code   316  menu.o(i.MenuTwo_DEL)
    MenuTwo_OUT1_DelaySET                    0x080012e5   Thumb Code   456  menu.o(i.MenuTwo_OUT1_DelaySET)
    MenuTwo_OUT1_OFFD                        0x080014bd   Thumb Code   354  menu.o(i.MenuTwo_OUT1_OFFD)
    MenuTwo_OUT1_ON_D                        0x0800163d   Thumb Code   342  menu.o(i.MenuTwo_OUT1_ON_D)
    MenuTwo_OUT1_SHOT                        0x080017b1   Thumb Code   340  menu.o(i.MenuTwo_OUT1_SHOT)
    MenuTwo_OUT1_TOFF                        0x08001921   Thumb Code    28  menu.o(i.MenuTwo_OUT1_TOFF)
    NMI_Handler                              0x08001945   Thumb Code     2  stm32f0xx_it.o(i.NMI_Handler)
    NVIC_Init                                0x08001949   Thumb Code    70  stm32f0xx_misc.o(i.NVIC_Init)
    PendSV_Handler                           0x08001999   Thumb Code     2  stm32f0xx_it.o(i.PendSV_Handler)
    PressCallback                            0x0800199b   Thumb Code    64  key.o(i.PressCallback)
    RCC_ADCCLKConfig                         0x080019dd   Thumb Code    38  stm32f0xx_rcc.o(i.RCC_ADCCLKConfig)
    RCC_AHBPeriphClockCmd                    0x08001a09   Thumb Code    18  stm32f0xx_rcc.o(i.RCC_AHBPeriphClockCmd)
    RCC_APB1PeriphClockCmd                   0x08001a21   Thumb Code    18  stm32f0xx_rcc.o(i.RCC_APB1PeriphClockCmd)
    RCC_APB1PeriphResetCmd                   0x08001a39   Thumb Code    18  stm32f0xx_rcc.o(i.RCC_APB1PeriphResetCmd)
    RCC_APB2PeriphClockCmd                   0x08001a51   Thumb Code    18  stm32f0xx_rcc.o(i.RCC_APB2PeriphClockCmd)
    RCC_APB2PeriphResetCmd                   0x08001a69   Thumb Code    18  stm32f0xx_rcc.o(i.RCC_APB2PeriphResetCmd)
    RCC_Configuration                        0x08001a81   Thumb Code    82  main.o(i.RCC_Configuration)
    RCC_DeInit                               0x08001ad9   Thumb Code    76  stm32f0xx_rcc.o(i.RCC_DeInit)
    RCC_GetClocksFreq                        0x08001b35   Thumb Code   346  stm32f0xx_rcc.o(i.RCC_GetClocksFreq)
    RCC_GetFlagStatus                        0x08001cad   Thumb Code    48  stm32f0xx_rcc.o(i.RCC_GetFlagStatus)
    RCC_GetSYSCLKSource                      0x08001ce1   Thumb Code    10  stm32f0xx_rcc.o(i.RCC_GetSYSCLKSource)
    RCC_HCLKConfig                           0x08001cf1   Thumb Code    14  stm32f0xx_rcc.o(i.RCC_HCLKConfig)
    RCC_HSICmd                               0x08001d05   Thumb Code    22  stm32f0xx_rcc.o(i.RCC_HSICmd)
    RCC_PCLKConfig                           0x08001d21   Thumb Code    16  stm32f0xx_rcc.o(i.RCC_PCLKConfig)
    RCC_PLLCmd                               0x08001d35   Thumb Code    22  stm32f0xx_rcc.o(i.RCC_PLLCmd)
    RCC_PLLConfig                            0x08001d51   Thumb Code    24  stm32f0xx_rcc.o(i.RCC_PLLConfig)
    RCC_SYSCLKConfig                         0x08001d6d   Thumb Code    14  stm32f0xx_rcc.o(i.RCC_SYSCLKConfig)
    ReadButtonStatus                         0x08001d81   Thumb Code    26  key.o(i.ReadButtonStatus)
    SMG_Diplay                               0x08001d9d   Thumb Code    64  display.o(i.SMG_Diplay)
    SMG_DisplayMenuOne                       0x08001de9   Thumb Code   128  display.o(i.SMG_DisplayMenuOne)
    SMG_DisplayMenuTwo_DEL                   0x08001e71   Thumb Code    52  display.o(i.SMG_DisplayMenuTwo_DEL)
    SMG_DisplayMenuTwo_DEL_SET               0x08001ead   Thumb Code   254  display.o(i.SMG_DisplayMenuTwo_DEL_SET)
    SMG_DisplayMenuTwo_OFFD                  0x08001fb9   Thumb Code    54  display.o(i.SMG_DisplayMenuTwo_OFFD)
    SMG_DisplayMenuTwo_OFFD_SET              0x08001ff9   Thumb Code   254  display.o(i.SMG_DisplayMenuTwo_OFFD_SET)
    SMG_DisplayMenuTwo_ON_Delay              0x08002105   Thumb Code    56  display.o(i.SMG_DisplayMenuTwo_ON_Delay)
    SMG_DisplayMenuTwo_ON_Delay_SET          0x08002145   Thumb Code   256  display.o(i.SMG_DisplayMenuTwo_ON_Delay_SET)
    SMG_DisplayMenuTwo_SHOT                  0x08002251   Thumb Code    56  display.o(i.SMG_DisplayMenuTwo_SHOT)
    SMG_DisplayMenuTwo_SHOT_SET              0x08002291   Thumb Code   256  display.o(i.SMG_DisplayMenuTwo_SHOT_SET)
    SMG_DisplayMenuTwo_TOFF                  0x0800239d   Thumb Code    54  display.o(i.SMG_DisplayMenuTwo_TOFF)
    SMG_DisplayModeONE                       0x080023dd   Thumb Code   224  display.o(i.SMG_DisplayModeONE)
    SMG_DisplayModeTHIRD                     0x080024c5   Thumb Code   128  display.o(i.SMG_DisplayModeTHIRD)
    SMG_DisplayModeTWO                       0x0800254d   Thumb Code    40  display.o(i.SMG_DisplayModeTWO)
    SMG_DisplayOUT_STATUS                    0x08002579   Thumb Code    54  display.o(i.SMG_DisplayOUT_STATUS)
    SMG_DisplaySET_Step_1_Mode               0x080025b5   Thumb Code   196  display.o(i.SMG_DisplaySET_Step_1_Mode)
    SMG_DisplaySET_Step_2_Mode               0x08002685   Thumb Code   194  display.o(i.SMG_DisplaySET_Step_2_Mode)
    SMG_GPIO_INIT                            0x08002755   Thumb Code   454  main.o(i.SMG_GPIO_INIT)
    SVC_Handler                              0x08002935   Thumb Code     2  stm32f0xx_it.o(i.SVC_Handler)
    SetOUT1Status                            0x08002939   Thumb Code   186  differentialdc.o(i.SetOUT1Status)
    SetOUT2Status                            0x080029fd   Thumb Code    60  differentialdc.o(i.SetOUT2Status)
    ShortCircuitProtection                   0x08002a95   Thumb Code    76  differentialdc.o(i.ShortCircuitProtection)
    SysTick_Handler                          0x08002ae9   Thumb Code     2  stm32f0xx_it.o(i.SysTick_Handler)
    SystemInit                               0x08002aed   Thumb Code    84  system_stm32f0xx.o(i.SystemInit)
    TIM1_BRK_UP_TRG_COM_IRQHandler           0x08002b4d   Thumb Code    26  main.o(i.TIM1_BRK_UP_TRG_COM_IRQHandler)
    TIM2_IRQHandler                          0x08002b6d   Thumb Code    26  main.o(i.TIM2_IRQHandler)
    TIM3_IRQHandler                          0x08002b89   Thumb Code   120  main.o(i.TIM3_IRQHandler)
    TIM_ClearITPendingBit                    0x08002c25   Thumb Code     6  stm32f0xx_tim.o(i.TIM_ClearITPendingBit)
    TIM_Cmd                                  0x08002c2b   Thumb Code    20  stm32f0xx_tim.o(i.TIM_Cmd)
    TIM_DeInit                               0x08002c41   Thumb Code   172  stm32f0xx_tim.o(i.TIM_DeInit)
    TIM_GetITStatus                          0x08002d0d   Thumb Code    24  stm32f0xx_tim.o(i.TIM_GetITStatus)
    TIM_ITConfig                             0x08002d25   Thumb Code    16  stm32f0xx_tim.o(i.TIM_ITConfig)
    TIM_SelectOutputTrigger                  0x08002d35   Thumb Code    16  stm32f0xx_tim.o(i.TIM_SelectOutputTrigger)
    TIM_TimeBaseInit                         0x08002d45   Thumb Code    88  stm32f0xx_tim.o(i.TIM_TimeBaseInit)
    TIM_TimeBaseStructInit                   0x08002db9   Thumb Code    18  stm32f0xx_tim.o(i.TIM_TimeBaseStructInit)
    Test_Delay                               0x08002dcb   Thumb Code    16  differentialdc.o(i.Test_Delay)
    __scatterload_copy                       0x08002ddb   Thumb Code    14  handlers.o(i.__scatterload_copy)
    __scatterload_null                       0x08002de9   Thumb Code     2  handlers.o(i.__scatterload_null)
    __scatterload_zeroinit                   0x08002deb   Thumb Code    14  handlers.o(i.__scatterload_zeroinit)
    adc_config                               0x08002df9   Thumb Code   126  main.o(i.adc_config)
    adc_dma_init                             0x08002e81   Thumb Code   116  main.o(i.adc_dma_init)
    adc_gpio_init                            0x08002f01   Thumb Code    46  main.o(i.adc_gpio_init)
    adc_timer_init                           0x08002f31   Thumb Code   190  main.o(i.adc_timer_init)
    bsp_InitI2C                              0x08002ff5   Thumb Code    68  bsp_i2c_gpio.o(i.bsp_InitI2C)
    differenttialDC                          0x08003039   Thumb Code   164  differentialdc.o(i.differenttialDC)
    ee_CheckOk                               0x080030f1   Thumb Code    24  bsp_eeprom_24xx.o(i.ee_CheckOk)
    ee_ReadBytes                             0x08003109   Thumb Code   108  bsp_eeprom_24xx.o(i.ee_ReadBytes)
    ee_WriteBytes                            0x08003175   Thumb Code   120  bsp_eeprom_24xx.o(i.ee_WriteBytes)
    i2c_Ack                                  0x080031ed   Thumb Code    34  bsp_i2c_gpio.o(i.i2c_Ack)
    i2c_CheckDevice                          0x08003215   Thumb Code    48  bsp_i2c_gpio.o(i.i2c_CheckDevice)
    i2c_NAck                                 0x08003251   Thumb Code    32  bsp_i2c_gpio.o(i.i2c_NAck)
    i2c_ReadByte                             0x08003275   Thumb Code    52  bsp_i2c_gpio.o(i.i2c_ReadByte)
    i2c_SendByte                             0x080032ad   Thumb Code    68  bsp_i2c_gpio.o(i.i2c_SendByte)
    i2c_Start                                0x080032f5   Thumb Code    34  bsp_i2c_gpio.o(i.i2c_Start)
    i2c_Stop                                 0x0800331d   Thumb Code    24  bsp_i2c_gpio.o(i.i2c_Stop)
    i2c_WaitAck                              0x08003339   Thumb Code    46  bsp_i2c_gpio.o(i.i2c_WaitAck)
    main                                     0x0800336d   Thumb Code    70  main.o(i.main)
    menu                                     0x080033bd   Thumb Code   208  menu.o(i.menu)
    selfstudy                                0x080034a5   Thumb Code   130  selfstudy.o(i.selfstudy)
    send_bit_RP1                             0x0800353d   Thumb Code   134  display.o(i.send_bit_RP1)
    send_seg_RP0                             0x080035f5   Thumb Code   134  display.o(i.send_seg_RP0)
    user_adc_init                            0x0800368d   Thumb Code    20  main.o(i.user_adc_init)
    data_SMG_bit_table                       0x080036a0   Data          18  display.o(.constdata)
    data_SMG_seg_table                       0x080036b2   Data          80  display.o(.constdata)
    Region$$Table$$Base                      0x08003704   Number         0  anon$$obj.o(Region$$Table)
    Region$$Table$$Limit                     0x08003724   Number         0  anon$$obj.o(Region$$Table)
    sample_finish                            0x20000000   Data           1  main.o(.data)
    LastRegisterA                            0x20000001   Data           1  main.o(.data)
    CheckFLag                                0x20000003   Data           1  main.o(.data)
    Fml_CRC16                                0x20000004   Data           2  main.o(.data)
    OUTSumADCValue                           0x20000008   Data           4  main.o(.data)
    OUTADCValue                              0x2000000c   Data           4  main.o(.data)
    UID                                      0x20000010   Data           4  main.o(.data)
    C                                        0x20000014   Data           4  main.o(.data)
    timenum                                  0x20000018   Data           4  main.o(.data)
    FormulaResult                            0x2000001c   Data           4  main.o(.data)
    FormulaCheck                             0x20000020   Data           4  main.o(.data)
    UIDFlashResult                           0x20000024   Data           4  main.o(.data)
    Fml_Constant                             0x20000028   Data           4  main.o(.data)
    RegisterA                                0x2000002c   Data           1  differentialdc.o(.data)
    RegisterB                                0x2000002d   Data           1  differentialdc.o(.data)
    OUT1                                     0x2000002e   Data           1  differentialdc.o(.data)
    OUT2                                     0x2000002f   Data           1  differentialdc.o(.data)
    ADCValueFlag                             0x20000030   Data           1  differentialdc.o(.data)
    KEY                                      0x20000031   Data           1  differentialdc.o(.data)
    ConfirmShortCircuit                      0x20000032   Data           1  differentialdc.o(.data)
    KeyMappingFlag                           0x20000033   Data           1  differentialdc.o(.data)
    EventFlag                                0x20000034   Data           1  differentialdc.o(.data)
    ShortCircuit                             0x20000035   Data           1  differentialdc.o(.data)
    DisplayModeNo                            0x20000036   Data           1  differentialdc.o(.data)
    SHOTflag                                 0x20000037   Data           1  differentialdc.o(.data)
    DEL                                      0x2000003a   Data           2  differentialdc.o(.data)
    Threshold                                0x2000003c   Data           2  differentialdc.o(.data)
    OUT2_TimerCounter                        0x2000003e   Data           2  differentialdc.o(.data)
    ADC_Display_Index                        0x20000040   Data           2  differentialdc.o(.data)
    DealyBaseTime                            0x20000044   Data           4  differentialdc.o(.data)
    ADC_Display                              0x20000048   Data           4  differentialdc.o(.data)
    DACOUT                                   0x2000004c   Data           4  differentialdc.o(.data)
    CPV                                      0x20000050   Data           4  differentialdc.o(.data)
    ShortCircuitCounter                      0x20000054   Data           4  differentialdc.o(.data)
    ShortCircuitLastTime                     0x20000058   Data           4  differentialdc.o(.data)
    ShortCircuitTimer                        0x2000005c   Data           4  differentialdc.o(.data)
    ADCValue                                 0x20000060   Data           4  differentialdc.o(.data)
    SMG_BIT                                  0x20000064   Data           1  display.o(.data)
    SMG_Data                                 0x20000070   Data           8  display.o(.data)
    DispalyNo                                0x20000078   Data           1  menu.o(.data)
    CSV                                      0x20000080   Data           4  menu.o(.data)
    OUT1_Mode                                0x20000084   Data           8  menu.o(.data)
    selfDisplayEndFlay                       0x2000008c   Data           1  selfstudy.o(.data)
    CalibrateADCValue                        0x20000090   Data           4  selfstudy.o(.data)
    ADCMAX                                   0x20000094   Data           4  selfstudy.o(.data)
    NewThreshold                             0x20000098   Data           4  selfstudy.o(.data)
    TempMaxADCValue                          0x2000009c   Data           4  selfstudy.o(.data)
    adc_dma_tab                              0x200000b0   Data          12  main.o(.bss)
    SysClock                                 0x200000bc   Data          40  main.o(.bss)
    D                                        0x200000e4   Data          12  main.o(.bss)
    ADC_ROW_Value                            0x200000f0   Data          16  differentialdc.o(.bss)
    ADC_Display_Value                        0x20000100   Data        1032  differentialdc.o(.bss)
    SMG_data_Decode_table                    0x20000508   Data           9  display.o(.bss)
    SetButton                                0x20000514   Data          32  key.o(.bss)
    ModeButton                               0x20000534   Data          32  key.o(.bss)
    UpButton                                 0x20000554   Data          32  key.o(.bss)
    DownButton                               0x20000574   Data          32  key.o(.bss)
    __initial_sp                             0x20000998   Data           0  startup_stm32f0xx_ld.o(STACK)



==============================================================================

Memory Map of the image

  Image Entry point : 0x080000b1

  Load Region LR_IROM1 (Base: 0x08000000, Size: 0x000037d4, Max: 0x00010000, ABSOLUTE)

    Execution Region ER_IROM1 (Base: 0x08000000, Size: 0x00003724, Max: 0x00010000, ABSOLUTE)

    Base Addr    Size         Type   Attr      Idx    E Section Name        Object

    0x08000000   0x000000b0   Data   RO         4671    RESET               startup_stm32f0xx_ld.o
    0x080000b0   0x00000000   Code   RO         4676  * .ARM.Collect$$$$00000000  mc_p.l(entry.o)
    0x080000b0   0x00000004   Code   RO         4685    .ARM.Collect$$$$00000001  mc_p.l(entry2.o)
    0x080000b4   0x00000004   Code   RO         4688    .ARM.Collect$$$$00000004  mc_p.l(entry5.o)
    0x080000b8   0x00000000   Code   RO         4690    .ARM.Collect$$$$00000008  mc_p.l(entry7b.o)
    0x080000b8   0x00000000   Code   RO         4692    .ARM.Collect$$$$0000000A  mc_p.l(entry8b.o)
    0x080000b8   0x00000008   Code   RO         4693    .ARM.Collect$$$$0000000B  mc_p.l(entry9a.o)
    0x080000c0   0x00000000   Code   RO         4695    .ARM.Collect$$$$0000000D  mc_p.l(entry10a.o)
    0x080000c0   0x00000000   Code   RO         4697    .ARM.Collect$$$$0000000F  mc_p.l(entry11a.o)
    0x080000c0   0x00000004   Code   RO         4686    .ARM.Collect$$$$00002712  mc_p.l(entry2.o)
    0x080000c4   0x00000058   Code   RO         4672    .text               startup_stm32f0xx_ld.o
    0x0800011c   0x0000002c   Code   RO         4679    .text               mc_p.l(uidiv.o)
    0x08000148   0x00000028   Code   RO         4681    .text               mc_p.l(idiv.o)
    0x08000170   0x00000024   Code   RO         4699    .text               mc_p.l(init.o)
    0x08000194   0x0000007c   Code   RO          776    i.ADCINcalibration  selfstudy.o
    0x08000210   0x0000000a   Code   RO         1068    i.ADC_ChannelConfig  stm32f0xx_adc.o
    0x0800021a   0x00000012   Code   RO         1072    i.ADC_Cmd           stm32f0xx_adc.o
    0x0800022c   0x00000014   Code   RO         1074    i.ADC_DMACmd        stm32f0xx_adc.o
    0x08000240   0x00000010   Code   RO         1075    i.ADC_DMARequestModeConfig  stm32f0xx_adc.o
    0x08000250   0x00000020   Code   RO         1076    i.ADC_DeInit        stm32f0xx_adc.o
    0x08000270   0x0000002e   Code   RO         1078    i.ADC_GetCalibrationFactor  stm32f0xx_adc.o
    0x0800029e   0x0000001c   Code   RO         1080    i.ADC_GetFlagStatus  stm32f0xx_adc.o
    0x080002ba   0x00000002   PAD
    0x080002bc   0x0000002c   Code   RO         1083    i.ADC_Init          stm32f0xx_adc.o
    0x080002e8   0x00000014   Code   RO         1085    i.ADC_OverrunModeCmd  stm32f0xx_adc.o
    0x080002fc   0x0000000a   Code   RO         1086    i.ADC_StartOfConversion  stm32f0xx_adc.o
    0x08000306   0x00000010   Code   RO         1088    i.ADC_StructInit    stm32f0xx_adc.o
    0x08000316   0x00000002   PAD
    0x08000318   0x00000194   Code   RO          357    i.ButtonMapping     differentialdc.o
    0x080004ac   0x00000060   Code   RO          483    i.ButtonMappingDisplay  display.o
    0x0800050c   0x000000d0   Code   RO          664    i.Button_Init       key.o
    0x080005dc   0x0000001c   Code   RO         1820    i.DAC_Cmd           stm32f0xx_dac.o
    0x080005f8   0x0000002e   Code   RO          147    i.DAC_GPIO_Init     main.o
    0x08000626   0x00000002   PAD
    0x08000628   0x00000028   Code   RO         1828    i.DAC_Init          stm32f0xx_dac.o
    0x08000650   0x00000028   Code   RO          148    i.DAC_OUT_Init      main.o
    0x08000678   0x00000014   Code   RO         1829    i.DAC_SetChannel1Data  stm32f0xx_dac.o
    0x0800068c   0x0000001c   Code   RO         1832    i.DAC_SoftwareTriggerCmd  stm32f0xx_dac.o
    0x080006a8   0x000000c4   Code   RO          149    i.DMA1_Channel1_IRQHandler  main.o
    0x0800076c   0x00000018   Code   RO         1979    i.DMA_ClearITPendingBit  stm32f0xx_dma.o
    0x08000784   0x00000018   Code   RO         1980    i.DMA_Cmd           stm32f0xx_dma.o
    0x0800079c   0x000000c0   Code   RO         1981    i.DMA_DeInit        stm32f0xx_dma.o
    0x0800085c   0x00000020   Code   RO         1984    i.DMA_GetITStatus   stm32f0xx_dma.o
    0x0800087c   0x00000010   Code   RO         1985    i.DMA_ITConfig      stm32f0xx_dma.o
    0x0800088c   0x0000003c   Code   RO         1986    i.DMA_Init          stm32f0xx_dma.o
    0x080008c8   0x0000001a   Code   RO         1989    i.DMA_StructInit    stm32f0xx_dma.o
    0x080008e2   0x00000002   PAD
    0x080008e4   0x0000010c   Code   RO          358    i.DisplayMODE       differentialdc.o
    0x080009f0   0x00000138   Code   RO          359    i.DisplayModeONE    differentialdc.o
    0x08000b28   0x00000014   Code   RO          360    i.DisplayModeTHIRD  differentialdc.o
    0x08000b3c   0x00000078   Code   RO          361    i.DisplayModeTWO    differentialdc.o
    0x08000bb4   0x00000044   Code   RO          151    i.FlashCheck        main.o
    0x08000bf8   0x00000084   Code   RO          152    i.Formula_100       main.o
    0x08000c7c   0x00000070   Code   RO         2326    i.GPIO_Init         stm32f0xx_gpio.o
    0x08000cec   0x0000000e   Code   RO         2330    i.GPIO_ReadInputDataBit  stm32f0xx_gpio.o
    0x08000cfa   0x00000002   PAD
    0x08000cfc   0x00000018   Code   RO         2335    i.GPIO_StructInit   stm32f0xx_gpio.o
    0x08000d14   0x0000000c   Code   RO         2337    i.GPIO_WriteBit     stm32f0xx_gpio.o
    0x08000d20   0x0000000c   Code   RO          362    i.GetADCValue       differentialdc.o
    0x08000d2c   0x000000b4   Code   RO          363    i.GetEEPROM         differentialdc.o
    0x08000de0   0x00000018   Code   RO          485    i.GetIntNumber      display.o
    0x08000df8   0x000000fc   Code   RO          777    i.GetMAXADCValue    selfstudy.o
    0x08000ef4   0x00000002   Code   RO            3    i.HardFault_Handler  stm32f0xx_it.o
    0x08000ef6   0x00000002   PAD
    0x08000ef8   0x0000007c   Code   RO          155    i.IO_GPIO_INIT      main.o
    0x08000f74   0x00000128   Code   RO          665    i.Key_Scan          key.o
    0x0800109c   0x000000f0   Code   RO          708    i.MenuOne_CounterSET  menu.o
    0x0800118c   0x00000158   Code   RO          709    i.MenuTwo_DEL       menu.o
    0x080012e4   0x000001d8   Code   RO          710    i.MenuTwo_OUT1_DelaySET  menu.o
    0x080014bc   0x00000180   Code   RO          711    i.MenuTwo_OUT1_OFFD  menu.o
    0x0800163c   0x00000174   Code   RO          712    i.MenuTwo_OUT1_ON_D  menu.o
    0x080017b0   0x00000170   Code   RO          713    i.MenuTwo_OUT1_SHOT  menu.o
    0x08001920   0x00000024   Code   RO          714    i.MenuTwo_OUT1_TOFF  menu.o
    0x08001944   0x00000002   Code   RO            4    i.NMI_Handler       stm32f0xx_it.o
    0x08001946   0x00000002   PAD
    0x08001948   0x00000050   Code   RO         2739    i.NVIC_Init         stm32f0xx_misc.o
    0x08001998   0x00000002   Code   RO            5    i.PendSV_Handler    stm32f0xx_it.o
    0x0800199a   0x00000040   Code   RO          666    i.PressCallback     key.o
    0x080019da   0x00000002   PAD
    0x080019dc   0x0000002c   Code   RO         2845    i.RCC_ADCCLKConfig  stm32f0xx_rcc.o
    0x08001a08   0x00000018   Code   RO         2846    i.RCC_AHBPeriphClockCmd  stm32f0xx_rcc.o
    0x08001a20   0x00000018   Code   RO         2848    i.RCC_APB1PeriphClockCmd  stm32f0xx_rcc.o
    0x08001a38   0x00000018   Code   RO         2849    i.RCC_APB1PeriphResetCmd  stm32f0xx_rcc.o
    0x08001a50   0x00000018   Code   RO         2850    i.RCC_APB2PeriphClockCmd  stm32f0xx_rcc.o
    0x08001a68   0x00000018   Code   RO         2851    i.RCC_APB2PeriphResetCmd  stm32f0xx_rcc.o
    0x08001a80   0x00000058   Code   RO          156    i.RCC_Configuration  main.o
    0x08001ad8   0x0000005c   Code   RO         2859    i.RCC_DeInit        stm32f0xx_rcc.o
    0x08001b34   0x00000178   Code   RO         2860    i.RCC_GetClocksFreq  stm32f0xx_rcc.o
    0x08001cac   0x00000034   Code   RO         2861    i.RCC_GetFlagStatus  stm32f0xx_rcc.o
    0x08001ce0   0x00000010   Code   RO         2863    i.RCC_GetSYSCLKSource  stm32f0xx_rcc.o
    0x08001cf0   0x00000014   Code   RO         2864    i.RCC_HCLKConfig    stm32f0xx_rcc.o
    0x08001d04   0x0000001c   Code   RO         2869    i.RCC_HSICmd        stm32f0xx_rcc.o
    0x08001d20   0x00000014   Code   RO         2876    i.RCC_PCLKConfig    stm32f0xx_rcc.o
    0x08001d34   0x0000001c   Code   RO         2877    i.RCC_PLLCmd        stm32f0xx_rcc.o
    0x08001d50   0x0000001c   Code   RO         2878    i.RCC_PLLConfig     stm32f0xx_rcc.o
    0x08001d6c   0x00000014   Code   RO         2882    i.RCC_SYSCLKConfig  stm32f0xx_rcc.o
    0x08001d80   0x0000001a   Code   RO          667    i.ReadButtonStatus  key.o
    0x08001d9a   0x00000002   PAD
    0x08001d9c   0x0000004c   Code   RO          487    i.SMG_Diplay        display.o
    0x08001de8   0x00000088   Code   RO          488    i.SMG_DisplayMenuOne  display.o
    0x08001e70   0x0000003c   Code   RO          489    i.SMG_DisplayMenuTwo_DEL  display.o
    0x08001eac   0x0000010c   Code   RO          490    i.SMG_DisplayMenuTwo_DEL_SET  display.o
    0x08001fb8   0x00000040   Code   RO          491    i.SMG_DisplayMenuTwo_OFFD  display.o
    0x08001ff8   0x0000010c   Code   RO          492    i.SMG_DisplayMenuTwo_OFFD_SET  display.o
    0x08002104   0x00000040   Code   RO          493    i.SMG_DisplayMenuTwo_ON_Delay  display.o
    0x08002144   0x0000010c   Code   RO          494    i.SMG_DisplayMenuTwo_ON_Delay_SET  display.o
    0x08002250   0x00000040   Code   RO          495    i.SMG_DisplayMenuTwo_SHOT  display.o
    0x08002290   0x0000010c   Code   RO          496    i.SMG_DisplayMenuTwo_SHOT_SET  display.o
    0x0800239c   0x00000040   Code   RO          497    i.SMG_DisplayMenuTwo_TOFF  display.o
    0x080023dc   0x000000e8   Code   RO          498    i.SMG_DisplayModeONE  display.o
    0x080024c4   0x00000088   Code   RO          499    i.SMG_DisplayModeTHIRD  display.o
    0x0800254c   0x0000002c   Code   RO          500    i.SMG_DisplayModeTWO  display.o
    0x08002578   0x0000003c   Code   RO          501    i.SMG_DisplayOUT_STATUS  display.o
    0x080025b4   0x000000d0   Code   RO          502    i.SMG_DisplaySET_Step_1_Mode  display.o
    0x08002684   0x000000d0   Code   RO          503    i.SMG_DisplaySET_Step_2_Mode  display.o
    0x08002754   0x000001e0   Code   RO          157    i.SMG_GPIO_INIT     main.o
    0x08002934   0x00000002   Code   RO            6    i.SVC_Handler       stm32f0xx_it.o
    0x08002936   0x00000002   PAD
    0x08002938   0x000000c4   Code   RO          365    i.SetOUT1Status     differentialdc.o
    0x080029fc   0x00000040   Code   RO          366    i.SetOUT2Status     differentialdc.o
    0x08002a3c   0x00000058   Code   RO         4634    i.SetSysClock       system_stm32f0xx.o
    0x08002a94   0x00000054   Code   RO          367    i.ShortCircuitProtection  differentialdc.o
    0x08002ae8   0x00000002   Code   RO            7    i.SysTick_Handler   stm32f0xx_it.o
    0x08002aea   0x00000002   PAD
    0x08002aec   0x00000060   Code   RO         4636    i.SystemInit        system_stm32f0xx.o
    0x08002b4c   0x00000020   Code   RO          158    i.TIM1_BRK_UP_TRG_COM_IRQHandler  main.o
    0x08002b6c   0x0000001a   Code   RO          159    i.TIM2_IRQHandler   main.o
    0x08002b86   0x00000002   PAD
    0x08002b88   0x0000009c   Code   RO          160    i.TIM3_IRQHandler   main.o
    0x08002c24   0x00000006   Code   RO         3720    i.TIM_ClearITPendingBit  stm32f0xx_tim.o
    0x08002c2a   0x00000014   Code   RO         3725    i.TIM_Cmd           stm32f0xx_tim.o
    0x08002c3e   0x00000002   PAD
    0x08002c40   0x000000cc   Code   RO         3730    i.TIM_DeInit        stm32f0xx_tim.o
    0x08002d0c   0x00000018   Code   RO         3746    i.TIM_GetITStatus   stm32f0xx_tim.o
    0x08002d24   0x00000010   Code   RO         3750    i.TIM_ITConfig      stm32f0xx_tim.o
    0x08002d34   0x00000010   Code   RO         3784    i.TIM_SelectOutputTrigger  stm32f0xx_tim.o
    0x08002d44   0x00000074   Code   RO         3798    i.TIM_TimeBaseInit  stm32f0xx_tim.o
    0x08002db8   0x00000012   Code   RO         3799    i.TIM_TimeBaseStructInit  stm32f0xx_tim.o
    0x08002dca   0x00000010   Code   RO          368    i.Test_Delay        differentialdc.o
    0x08002dda   0x0000000e   Code   RO         4703    i.__scatterload_copy  mc_p.l(handlers.o)
    0x08002de8   0x00000002   Code   RO         4704    i.__scatterload_null  mc_p.l(handlers.o)
    0x08002dea   0x0000000e   Code   RO         4705    i.__scatterload_zeroinit  mc_p.l(handlers.o)
    0x08002df8   0x00000088   Code   RO          165    i.adc_config        main.o
    0x08002e80   0x00000080   Code   RO          166    i.adc_dma_init      main.o
    0x08002f00   0x0000002e   Code   RO          167    i.adc_gpio_init     main.o
    0x08002f2e   0x00000002   PAD
    0x08002f30   0x000000c4   Code   RO          168    i.adc_timer_init    main.o
    0x08002ff4   0x00000044   Code   RO          902    i.bsp_InitI2C       bsp_i2c_gpio.o
    0x08003038   0x000000b8   Code   RO          369    i.differenttialDC   differentialdc.o
    0x080030f0   0x00000018   Code   RO         1031    i.ee_CheckOk        bsp_eeprom_24xx.o
    0x08003108   0x0000006c   Code   RO         1032    i.ee_ReadBytes      bsp_eeprom_24xx.o
    0x08003174   0x00000078   Code   RO         1033    i.ee_WriteBytes     bsp_eeprom_24xx.o
    0x080031ec   0x00000028   Code   RO          903    i.i2c_Ack           bsp_i2c_gpio.o
    0x08003214   0x00000030   Code   RO          904    i.i2c_CheckDevice   bsp_i2c_gpio.o
    0x08003244   0x0000000c   Code   RO          905    i.i2c_Delay         bsp_i2c_gpio.o
    0x08003250   0x00000024   Code   RO          906    i.i2c_NAck          bsp_i2c_gpio.o
    0x08003274   0x00000038   Code   RO          907    i.i2c_ReadByte      bsp_i2c_gpio.o
    0x080032ac   0x00000048   Code   RO          908    i.i2c_SendByte      bsp_i2c_gpio.o
    0x080032f4   0x00000028   Code   RO          909    i.i2c_Start         bsp_i2c_gpio.o
    0x0800331c   0x0000001c   Code   RO          910    i.i2c_Stop          bsp_i2c_gpio.o
    0x08003338   0x00000034   Code   RO          911    i.i2c_WaitAck       bsp_i2c_gpio.o
    0x0800336c   0x00000050   Code   RO          170    i.main              main.o
    0x080033bc   0x000000e8   Code   RO          715    i.menu              menu.o
    0x080034a4   0x00000098   Code   RO          778    i.selfstudy         selfstudy.o
    0x0800353c   0x000000b8   Code   RO          506    i.send_bit_RP1      display.o
    0x080035f4   0x00000098   Code   RO          507    i.send_seg_RP0      display.o
    0x0800368c   0x00000014   Code   RO          171    i.user_adc_init     main.o
    0x080036a0   0x00000062   Data   RO          509    .constdata          display.o
    0x08003702   0x00000002   PAD
    0x08003704   0x00000020   Data   RO         4701    Region$$Table       anon$$obj.o


    Execution Region RW_IRAM1 (Base: 0x20000000, Size: 0x00000998, Max: 0x00002000, ABSOLUTE)

    Base Addr    Size         Type   Attr      Idx    E Section Name        Object

    0x20000000   0x00000028   Data   RW          180    .data               main.o
    0x20000028   0x00000004   Data   RW          186    .data               main.o
    0x2000002c   0x00000034   Data   RW          374    .data               differentialdc.o
    0x20000060   0x00000004   Data   RW          376    .data               differentialdc.o
    0x20000064   0x00000014   Data   RW          510    .data               display.o
    0x20000078   0x00000014   Data   RW          716    .data               menu.o
    0x2000008c   0x00000014   Data   RW          779    .data               selfstudy.o
    0x200000a0   0x00000010   Data   RW         2886    .data               stm32f0xx_rcc.o
    0x200000b0   0x00000040   Zero   RW          172    .bss                main.o
    0x200000f0   0x00000010   Zero   RW          370    .bss                differentialdc.o
    0x20000100   0x00000408   Zero   RW          371    .bss                differentialdc.o
    0x20000508   0x00000009   Zero   RW          508    .bss                display.o
    0x20000511   0x00000003   PAD
    0x20000514   0x00000080   Zero   RW          668    .bss                key.o
    0x20000594   0x00000004   PAD
    0x20000598   0x00000400   Zero   RW         4669    STACK               startup_stm32f0xx_ld.o


==============================================================================

Image component sizes


      Code (inc. data)   RO Data    RW Data    ZI Data      Debug   Object Name

       252          0          0          0          0       2548   bsp_eeprom_24xx.o
       452         34          0          0          0      10426   bsp_i2c_gpio.o
      1860        156          0         56       1048      10732   differentialdc.o
      2944        246         98         20          9      20203   display.o
       594         20          0          0        128       4075   key.o
      1994        180          0         44         64      11457   main.o
      2448        186          0         20          0       6756   menu.o
       528         66          0         20          0       2221   selfstudy.o
        88         38        176          0       1024        744   startup_stm32f0xx_ld.o
       260         10          0          0          0       7319   stm32f0xx_adc.o
       116         24          0          0          0       3196   stm32f0xx_dac.o
       374         40          0          0          0       6160   stm32f0xx_dma.o
       162          6          0          0          0       3094   stm32f0xx_gpio.o
        10          0          0          0          0     243423   stm32f0xx_it.o
        80         10          0          0          0       1040   stm32f0xx_misc.o
       844        124          0         16          0      10965   stm32f0xx_rcc.o
       420         60          0          0          0       6681   stm32f0xx_tim.o
       184         20          0          0          0       1257   system_stm32f0xx.o

    ----------------------------------------------------------------------
     13638       1220        308        176       2280     352297   Object Totals
         0          0         32          0          0          0   (incl. Generated)
        28          0          2          0          7          0   (incl. Padding)

    ----------------------------------------------------------------------

      Code (inc. data)   RO Data    RW Data    ZI Data      Debug   Library Member Name

         0          0          0          0          0          0   entry.o
         0          0          0          0          0          0   entry10a.o
         0          0          0          0          0          0   entry11a.o
         8          4          0          0          0          0   entry2.o
         4          0          0          0          0          0   entry5.o
         0          0          0          0          0          0   entry7b.o
         0          0          0          0          0          0   entry8b.o
         8          4          0          0          0          0   entry9a.o
        30          0          0          0          0          0   handlers.o
        40          0          0          0          0         72   idiv.o
        36          8          0          0          0         68   init.o
        44          0          0          0          0         72   uidiv.o

    ----------------------------------------------------------------------
       170         16          0          0          0        212   Library Totals
         0          0          0          0          0          0   (incl. Padding)

    ----------------------------------------------------------------------

      Code (inc. data)   RO Data    RW Data    ZI Data      Debug   Library Name

       170         16          0          0          0        212   mc_p.l

    ----------------------------------------------------------------------
       170         16          0          0          0        212   Library Totals

    ----------------------------------------------------------------------

==============================================================================


      Code (inc. data)   RO Data    RW Data    ZI Data      Debug   

     13808       1236        308        176       2280     346809   Grand Totals
     13808       1236        308        176       2280     346809   ELF Image Totals
     13808       1236        308        176          0          0   ROM Totals

==============================================================================

    Total RO  Size (Code + RO Data)                14116 (  13.79kB)
    Total RW  Size (RW Data + ZI Data)              2456 (   2.40kB)
    Total ROM Size (Code + RO Data + RW Data)      14292 (  13.96kB)

==============================================================================

