<!doctype html public "-//w3c//dtd html 4.0 transitional//en">
<html><head>
<title>Static Call Graph - [.\Objects\STM32F0.axf]</title></head>
<body><HR>
<H1>Static Call Graph for image .\Objects\STM32F0.axf</H1><HR>
<BR><P>#&#060CALLGRAPH&#062# ARM Linker, 5050106: Last Updated: Fri Jun 30 14:08:01 2017
<BR><P>
<H3>Maximum Stack Usage =        132 bytes + Unknown(Cycles, Untraceable Function Pointers)</H3><H3>
Call chain for Maximum Stack Depth:</H3>
main &rArr; user_adc_init &rArr; USART_Config &rArr; USART_Init &rArr; RCC_GetClocksFreq &rArr; __aeabi_uidivmod
<P>
<H3>
Mutually Recursive functions
</H3> <LI><a href="#[11]">ADC1_IRQHandler</a>&nbsp;&nbsp;&nbsp;&rArr;&nbsp;&nbsp;&nbsp;<a href="#[11]">ADC1_IRQHandler</a><BR>
 <LI><a href="#[2]">HardFault_Handler</a>&nbsp;&nbsp;&nbsp;&rArr;&nbsp;&nbsp;&nbsp;<a href="#[2]">HardFault_Handler</a><BR>
</UL>
<P>
<H3>
Function Pointers
</H3><UL>
 <LI><a href="#[11]">ADC1_IRQHandler</a> from startup_stm32f0xx_ld.o(.text) referenced from startup_stm32f0xx_ld.o(RESET)
 <LI><a href="#[e]">DMA1_Channel1_IRQHandler</a> from main.o(i.DMA1_Channel1_IRQHandler) referenced from startup_stm32f0xx_ld.o(RESET)
 <LI><a href="#[f]">DMA1_Channel2_3_IRQHandler</a> from startup_stm32f0xx_ld.o(.text) referenced from startup_stm32f0xx_ld.o(RESET)
 <LI><a href="#[10]">DMA1_Channel4_5_IRQHandler</a> from startup_stm32f0xx_ld.o(.text) referenced from startup_stm32f0xx_ld.o(RESET)
 <LI><a href="#[b]">EXTI0_1_IRQHandler</a> from startup_stm32f0xx_ld.o(.text) referenced from startup_stm32f0xx_ld.o(RESET)
 <LI><a href="#[c]">EXTI2_3_IRQHandler</a> from startup_stm32f0xx_ld.o(.text) referenced from startup_stm32f0xx_ld.o(RESET)
 <LI><a href="#[d]">EXTI4_15_IRQHandler</a> from startup_stm32f0xx_ld.o(.text) referenced from startup_stm32f0xx_ld.o(RESET)
 <LI><a href="#[9]">FLASH_IRQHandler</a> from startup_stm32f0xx_ld.o(.text) referenced from startup_stm32f0xx_ld.o(RESET)
 <LI><a href="#[2]">HardFault_Handler</a> from stm32f0xx_it.o(i.HardFault_Handler) referenced from startup_stm32f0xx_ld.o(RESET)
 <LI><a href="#[19]">I2C1_IRQHandler</a> from startup_stm32f0xx_ld.o(.text) referenced from startup_stm32f0xx_ld.o(RESET)
 <LI><a href="#[1]">NMI_Handler</a> from stm32f0xx_it.o(i.NMI_Handler) referenced from startup_stm32f0xx_ld.o(RESET)
 <LI><a href="#[7]">PVD_IRQHandler</a> from startup_stm32f0xx_ld.o(.text) referenced from startup_stm32f0xx_ld.o(RESET)
 <LI><a href="#[4]">PendSV_Handler</a> from stm32f0xx_it.o(i.PendSV_Handler) referenced from startup_stm32f0xx_ld.o(RESET)
 <LI><a href="#[a]">RCC_IRQHandler</a> from startup_stm32f0xx_ld.o(.text) referenced from startup_stm32f0xx_ld.o(RESET)
 <LI><a href="#[8]">RTC_IRQHandler</a> from startup_stm32f0xx_ld.o(.text) referenced from startup_stm32f0xx_ld.o(RESET)
 <LI><a href="#[0]">Reset_Handler</a> from startup_stm32f0xx_ld.o(.text) referenced from startup_stm32f0xx_ld.o(RESET)
 <LI><a href="#[1a]">SPI1_IRQHandler</a> from startup_stm32f0xx_ld.o(.text) referenced from startup_stm32f0xx_ld.o(RESET)
 <LI><a href="#[3]">SVC_Handler</a> from stm32f0xx_it.o(i.SVC_Handler) referenced from startup_stm32f0xx_ld.o(RESET)
 <LI><a href="#[5]">SysTick_Handler</a> from stm32f0xx_it.o(i.SysTick_Handler) referenced from startup_stm32f0xx_ld.o(RESET)
 <LI><a href="#[1d]">SystemInit</a> from system_stm32f0xx.o(i.SystemInit) referenced from startup_stm32f0xx_ld.o(.text)
 <LI><a href="#[16]">TIM14_IRQHandler</a> from startup_stm32f0xx_ld.o(.text) referenced from startup_stm32f0xx_ld.o(RESET)
 <LI><a href="#[17]">TIM16_IRQHandler</a> from startup_stm32f0xx_ld.o(.text) referenced from startup_stm32f0xx_ld.o(RESET)
 <LI><a href="#[18]">TIM17_IRQHandler</a> from startup_stm32f0xx_ld.o(.text) referenced from startup_stm32f0xx_ld.o(RESET)
 <LI><a href="#[12]">TIM1_BRK_UP_TRG_COM_IRQHandler</a> from main.o(i.TIM1_BRK_UP_TRG_COM_IRQHandler) referenced from startup_stm32f0xx_ld.o(RESET)
 <LI><a href="#[13]">TIM1_CC_IRQHandler</a> from startup_stm32f0xx_ld.o(.text) referenced from startup_stm32f0xx_ld.o(RESET)
 <LI><a href="#[14]">TIM2_IRQHandler</a> from main.o(i.TIM2_IRQHandler) referenced from startup_stm32f0xx_ld.o(RESET)
 <LI><a href="#[15]">TIM3_IRQHandler</a> from startup_stm32f0xx_ld.o(.text) referenced from startup_stm32f0xx_ld.o(RESET)
 <LI><a href="#[1b]">USART1_IRQHandler</a> from startup_stm32f0xx_ld.o(.text) referenced from startup_stm32f0xx_ld.o(RESET)
 <LI><a href="#[6]">WWDG_IRQHandler</a> from startup_stm32f0xx_ld.o(.text) referenced from startup_stm32f0xx_ld.o(RESET)
 <LI><a href="#[1e]">__main</a> from entry.o(.ARM.Collect$$$$00000000) referenced from startup_stm32f0xx_ld.o(.text)
 <LI><a href="#[1f]">fputc</a> from main.o(i.fputc) referenced from printf6.o(i.__0printf$6)
 <LI><a href="#[1c]">main</a> from main.o(i.main) referenced from entry9a.o(.ARM.Collect$$$$0000000B)
</UL>
<P>
<H3>
Global Symbols
</H3>
<P><STRONG><a name="[1e]"></a>__main</STRONG> (Thumb, 0 bytes, Stack size unknown bytes, entry.o(.ARM.Collect$$$$00000000))
<BR>[Address Reference Count : 1]<UL><LI> startup_stm32f0xx_ld.o(.text)
</UL>
<P><STRONG><a name="[6a]"></a>_main_stk</STRONG> (Thumb, 0 bytes, Stack size unknown bytes, entry2.o(.ARM.Collect$$$$00000001))

<P><STRONG><a name="[20]"></a>_main_scatterload</STRONG> (Thumb, 0 bytes, Stack size unknown bytes, entry5.o(.ARM.Collect$$$$00000004))
<BR><BR>[Calls]<UL><LI><a href="#[21]">&gt;&gt;</a>&nbsp;&nbsp;&nbsp;__scatterload
</UL>

<P><STRONG><a name="[22]"></a>__main_after_scatterload</STRONG> (Thumb, 0 bytes, Stack size unknown bytes, entry5.o(.ARM.Collect$$$$00000004))
<BR><BR>[Called By]<UL><LI><a href="#[21]">&gt;&gt;</a>&nbsp;&nbsp;&nbsp;__scatterload
</UL>

<P><STRONG><a name="[6b]"></a>_main_clock</STRONG> (Thumb, 0 bytes, Stack size unknown bytes, entry7b.o(.ARM.Collect$$$$00000008))

<P><STRONG><a name="[6c]"></a>_main_cpp_init</STRONG> (Thumb, 0 bytes, Stack size unknown bytes, entry8b.o(.ARM.Collect$$$$0000000A))

<P><STRONG><a name="[6d]"></a>_main_init</STRONG> (Thumb, 0 bytes, Stack size unknown bytes, entry9a.o(.ARM.Collect$$$$0000000B))

<P><STRONG><a name="[6e]"></a>__rt_final_cpp</STRONG> (Thumb, 0 bytes, Stack size unknown bytes, entry10a.o(.ARM.Collect$$$$0000000D))

<P><STRONG><a name="[6f]"></a>__rt_final_exit</STRONG> (Thumb, 0 bytes, Stack size unknown bytes, entry11a.o(.ARM.Collect$$$$0000000F))

<P><STRONG><a name="[0]"></a>Reset_Handler</STRONG> (Thumb, 38 bytes, Stack size 0 bytes, startup_stm32f0xx_ld.o(.text))
<BR>[Address Reference Count : 1]<UL><LI> startup_stm32f0xx_ld.o(RESET)
</UL>
<P><STRONG><a name="[11]"></a>ADC1_IRQHandler</STRONG> (Thumb, 0 bytes, Stack size 0 bytes, startup_stm32f0xx_ld.o(.text))
<BR><BR>[Calls]<UL><LI><a href="#[11]">&gt;&gt;</a>&nbsp;&nbsp;&nbsp;ADC1_IRQHandler
</UL>
<BR>[Called By]<UL><LI><a href="#[11]">&gt;&gt;</a>&nbsp;&nbsp;&nbsp;ADC1_IRQHandler
</UL>
<BR>[Address Reference Count : 1]<UL><LI> startup_stm32f0xx_ld.o(RESET)
</UL>
<P><STRONG><a name="[f]"></a>DMA1_Channel2_3_IRQHandler</STRONG> (Thumb, 0 bytes, Stack size 0 bytes, startup_stm32f0xx_ld.o(.text))
<BR>[Address Reference Count : 1]<UL><LI> startup_stm32f0xx_ld.o(RESET)
</UL>
<P><STRONG><a name="[10]"></a>DMA1_Channel4_5_IRQHandler</STRONG> (Thumb, 0 bytes, Stack size 0 bytes, startup_stm32f0xx_ld.o(.text))
<BR>[Address Reference Count : 1]<UL><LI> startup_stm32f0xx_ld.o(RESET)
</UL>
<P><STRONG><a name="[b]"></a>EXTI0_1_IRQHandler</STRONG> (Thumb, 0 bytes, Stack size 0 bytes, startup_stm32f0xx_ld.o(.text))
<BR>[Address Reference Count : 1]<UL><LI> startup_stm32f0xx_ld.o(RESET)
</UL>
<P><STRONG><a name="[c]"></a>EXTI2_3_IRQHandler</STRONG> (Thumb, 0 bytes, Stack size 0 bytes, startup_stm32f0xx_ld.o(.text))
<BR>[Address Reference Count : 1]<UL><LI> startup_stm32f0xx_ld.o(RESET)
</UL>
<P><STRONG><a name="[d]"></a>EXTI4_15_IRQHandler</STRONG> (Thumb, 0 bytes, Stack size 0 bytes, startup_stm32f0xx_ld.o(.text))
<BR>[Address Reference Count : 1]<UL><LI> startup_stm32f0xx_ld.o(RESET)
</UL>
<P><STRONG><a name="[9]"></a>FLASH_IRQHandler</STRONG> (Thumb, 0 bytes, Stack size 0 bytes, startup_stm32f0xx_ld.o(.text))
<BR>[Address Reference Count : 1]<UL><LI> startup_stm32f0xx_ld.o(RESET)
</UL>
<P><STRONG><a name="[19]"></a>I2C1_IRQHandler</STRONG> (Thumb, 0 bytes, Stack size 0 bytes, startup_stm32f0xx_ld.o(.text))
<BR>[Address Reference Count : 1]<UL><LI> startup_stm32f0xx_ld.o(RESET)
</UL>
<P><STRONG><a name="[7]"></a>PVD_IRQHandler</STRONG> (Thumb, 0 bytes, Stack size 0 bytes, startup_stm32f0xx_ld.o(.text))
<BR>[Address Reference Count : 1]<UL><LI> startup_stm32f0xx_ld.o(RESET)
</UL>
<P><STRONG><a name="[a]"></a>RCC_IRQHandler</STRONG> (Thumb, 0 bytes, Stack size 0 bytes, startup_stm32f0xx_ld.o(.text))
<BR>[Address Reference Count : 1]<UL><LI> startup_stm32f0xx_ld.o(RESET)
</UL>
<P><STRONG><a name="[8]"></a>RTC_IRQHandler</STRONG> (Thumb, 0 bytes, Stack size 0 bytes, startup_stm32f0xx_ld.o(.text))
<BR>[Address Reference Count : 1]<UL><LI> startup_stm32f0xx_ld.o(RESET)
</UL>
<P><STRONG><a name="[1a]"></a>SPI1_IRQHandler</STRONG> (Thumb, 0 bytes, Stack size 0 bytes, startup_stm32f0xx_ld.o(.text))
<BR>[Address Reference Count : 1]<UL><LI> startup_stm32f0xx_ld.o(RESET)
</UL>
<P><STRONG><a name="[16]"></a>TIM14_IRQHandler</STRONG> (Thumb, 0 bytes, Stack size 0 bytes, startup_stm32f0xx_ld.o(.text))
<BR>[Address Reference Count : 1]<UL><LI> startup_stm32f0xx_ld.o(RESET)
</UL>
<P><STRONG><a name="[17]"></a>TIM16_IRQHandler</STRONG> (Thumb, 0 bytes, Stack size 0 bytes, startup_stm32f0xx_ld.o(.text))
<BR>[Address Reference Count : 1]<UL><LI> startup_stm32f0xx_ld.o(RESET)
</UL>
<P><STRONG><a name="[18]"></a>TIM17_IRQHandler</STRONG> (Thumb, 0 bytes, Stack size 0 bytes, startup_stm32f0xx_ld.o(.text))
<BR>[Address Reference Count : 1]<UL><LI> startup_stm32f0xx_ld.o(RESET)
</UL>
<P><STRONG><a name="[13]"></a>TIM1_CC_IRQHandler</STRONG> (Thumb, 0 bytes, Stack size 0 bytes, startup_stm32f0xx_ld.o(.text))
<BR>[Address Reference Count : 1]<UL><LI> startup_stm32f0xx_ld.o(RESET)
</UL>
<P><STRONG><a name="[15]"></a>TIM3_IRQHandler</STRONG> (Thumb, 0 bytes, Stack size 0 bytes, startup_stm32f0xx_ld.o(.text))
<BR>[Address Reference Count : 1]<UL><LI> startup_stm32f0xx_ld.o(RESET)
</UL>
<P><STRONG><a name="[1b]"></a>USART1_IRQHandler</STRONG> (Thumb, 0 bytes, Stack size 0 bytes, startup_stm32f0xx_ld.o(.text))
<BR>[Address Reference Count : 1]<UL><LI> startup_stm32f0xx_ld.o(RESET)
</UL>
<P><STRONG><a name="[6]"></a>WWDG_IRQHandler</STRONG> (Thumb, 0 bytes, Stack size 0 bytes, startup_stm32f0xx_ld.o(.text))
<BR>[Address Reference Count : 1]<UL><LI> startup_stm32f0xx_ld.o(RESET)
</UL>
<P><STRONG><a name="[70]"></a>__aeabi_uidiv</STRONG> (Thumb, 0 bytes, Stack size 12 bytes, uidiv.o(.text), UNUSED)

<P><STRONG><a name="[33]"></a>__aeabi_uidivmod</STRONG> (Thumb, 44 bytes, Stack size 12 bytes, uidiv.o(.text))
<BR><BR>[Stack]<UL><LI>Max Depth = 12<LI>Call Chain = __aeabi_uidivmod
</UL>
<BR>[Called By]<UL><LI><a href="#[3d]">&gt;&gt;</a>&nbsp;&nbsp;&nbsp;USART_Init
<LI><a href="#[32]">&gt;&gt;</a>&nbsp;&nbsp;&nbsp;RCC_GetClocksFreq
<LI><a href="#[40]">&gt;&gt;</a>&nbsp;&nbsp;&nbsp;_printf_core
</UL>

<P><STRONG><a name="[21]"></a>__scatterload</STRONG> (Thumb, 28 bytes, Stack size 0 bytes, init.o(.text))
<BR><BR>[Calls]<UL><LI><a href="#[22]">&gt;&gt;</a>&nbsp;&nbsp;&nbsp;__main_after_scatterload
</UL>
<BR>[Called By]<UL><LI><a href="#[20]">&gt;&gt;</a>&nbsp;&nbsp;&nbsp;_main_scatterload
</UL>

<P><STRONG><a name="[71]"></a>__scatterload_rt2</STRONG> (Thumb, 0 bytes, Stack size 0 bytes, init.o(.text), UNUSED)

<P><STRONG><a name="[47]"></a>ADC_ChannelConfig</STRONG> (Thumb, 10 bytes, Stack size 0 bytes, stm32f0xx_adc.o(i.ADC_ChannelConfig))
<BR><BR>[Called By]<UL><LI><a href="#[43]">&gt;&gt;</a>&nbsp;&nbsp;&nbsp;adc_config
</UL>

<P><STRONG><a name="[49]"></a>ADC_Cmd</STRONG> (Thumb, 18 bytes, Stack size 0 bytes, stm32f0xx_adc.o(i.ADC_Cmd))
<BR><BR>[Called By]<UL><LI><a href="#[43]">&gt;&gt;</a>&nbsp;&nbsp;&nbsp;adc_config
</UL>

<P><STRONG><a name="[4b]"></a>ADC_DMACmd</STRONG> (Thumb, 20 bytes, Stack size 0 bytes, stm32f0xx_adc.o(i.ADC_DMACmd))
<BR><BR>[Called By]<UL><LI><a href="#[43]">&gt;&gt;</a>&nbsp;&nbsp;&nbsp;adc_config
</UL>

<P><STRONG><a name="[4c]"></a>ADC_DMARequestModeConfig</STRONG> (Thumb, 16 bytes, Stack size 0 bytes, stm32f0xx_adc.o(i.ADC_DMARequestModeConfig))
<BR><BR>[Called By]<UL><LI><a href="#[43]">&gt;&gt;</a>&nbsp;&nbsp;&nbsp;adc_config
</UL>

<P><STRONG><a name="[23]"></a>ADC_DeInit</STRONG> (Thumb, 28 bytes, Stack size 8 bytes, stm32f0xx_adc.o(i.ADC_DeInit))
<BR><BR>[Stack]<UL><LI>Max Depth = 8<LI>Call Chain = ADC_DeInit
</UL>
<BR>[Calls]<UL><LI><a href="#[24]">&gt;&gt;</a>&nbsp;&nbsp;&nbsp;RCC_APB2PeriphResetCmd
</UL>
<BR>[Called By]<UL><LI><a href="#[43]">&gt;&gt;</a>&nbsp;&nbsp;&nbsp;adc_config
</UL>

<P><STRONG><a name="[48]"></a>ADC_GetCalibrationFactor</STRONG> (Thumb, 46 bytes, Stack size 0 bytes, stm32f0xx_adc.o(i.ADC_GetCalibrationFactor))
<BR><BR>[Called By]<UL><LI><a href="#[43]">&gt;&gt;</a>&nbsp;&nbsp;&nbsp;adc_config
</UL>

<P><STRONG><a name="[4a]"></a>ADC_GetFlagStatus</STRONG> (Thumb, 28 bytes, Stack size 0 bytes, stm32f0xx_adc.o(i.ADC_GetFlagStatus))
<BR><BR>[Called By]<UL><LI><a href="#[43]">&gt;&gt;</a>&nbsp;&nbsp;&nbsp;adc_config
</UL>

<P><STRONG><a name="[45]"></a>ADC_Init</STRONG> (Thumb, 38 bytes, Stack size 12 bytes, stm32f0xx_adc.o(i.ADC_Init))
<BR><BR>[Stack]<UL><LI>Max Depth = 12<LI>Call Chain = ADC_Init
</UL>
<BR>[Called By]<UL><LI><a href="#[43]">&gt;&gt;</a>&nbsp;&nbsp;&nbsp;adc_config
</UL>

<P><STRONG><a name="[46]"></a>ADC_OverrunModeCmd</STRONG> (Thumb, 20 bytes, Stack size 0 bytes, stm32f0xx_adc.o(i.ADC_OverrunModeCmd))
<BR><BR>[Called By]<UL><LI><a href="#[43]">&gt;&gt;</a>&nbsp;&nbsp;&nbsp;adc_config
</UL>

<P><STRONG><a name="[4d]"></a>ADC_StartOfConversion</STRONG> (Thumb, 10 bytes, Stack size 0 bytes, stm32f0xx_adc.o(i.ADC_StartOfConversion))
<BR><BR>[Called By]<UL><LI><a href="#[43]">&gt;&gt;</a>&nbsp;&nbsp;&nbsp;adc_config
</UL>

<P><STRONG><a name="[44]"></a>ADC_StructInit</STRONG> (Thumb, 16 bytes, Stack size 0 bytes, stm32f0xx_adc.o(i.ADC_StructInit))
<BR><BR>[Called By]<UL><LI><a href="#[43]">&gt;&gt;</a>&nbsp;&nbsp;&nbsp;adc_config
</UL>

<P><STRONG><a name="[e]"></a>DMA1_Channel1_IRQHandler</STRONG> (Thumb, 114 bytes, Stack size 16 bytes, main.o(i.DMA1_Channel1_IRQHandler))
<BR><BR>[Stack]<UL><LI>Max Depth = 16<LI>Call Chain = DMA1_Channel1_IRQHandler
</UL>
<BR>[Calls]<UL><LI><a href="#[25]">&gt;&gt;</a>&nbsp;&nbsp;&nbsp;DMA_GetITStatus
<LI><a href="#[26]">&gt;&gt;</a>&nbsp;&nbsp;&nbsp;DMA_ClearITPendingBit
</UL>
<BR>[Address Reference Count : 1]<UL><LI> startup_stm32f0xx_ld.o(RESET)
</UL>
<P><STRONG><a name="[26]"></a>DMA_ClearITPendingBit</STRONG> (Thumb, 14 bytes, Stack size 0 bytes, stm32f0xx_dma.o(i.DMA_ClearITPendingBit))
<BR><BR>[Called By]<UL><LI><a href="#[4e]">&gt;&gt;</a>&nbsp;&nbsp;&nbsp;adc_dma_init
<LI><a href="#[e]">&gt;&gt;</a>&nbsp;&nbsp;&nbsp;DMA1_Channel1_IRQHandler
</UL>

<P><STRONG><a name="[54]"></a>DMA_Cmd</STRONG> (Thumb, 20 bytes, Stack size 0 bytes, stm32f0xx_dma.o(i.DMA_Cmd))
<BR><BR>[Called By]<UL><LI><a href="#[4e]">&gt;&gt;</a>&nbsp;&nbsp;&nbsp;adc_dma_init
</UL>

<P><STRONG><a name="[50]"></a>DMA_DeInit</STRONG> (Thumb, 178 bytes, Stack size 20 bytes, stm32f0xx_dma.o(i.DMA_DeInit))
<BR><BR>[Stack]<UL><LI>Max Depth = 20<LI>Call Chain = DMA_DeInit
</UL>
<BR>[Called By]<UL><LI><a href="#[4e]">&gt;&gt;</a>&nbsp;&nbsp;&nbsp;adc_dma_init
</UL>

<P><STRONG><a name="[25]"></a>DMA_GetITStatus</STRONG> (Thumb, 24 bytes, Stack size 0 bytes, stm32f0xx_dma.o(i.DMA_GetITStatus))
<BR><BR>[Called By]<UL><LI><a href="#[e]">&gt;&gt;</a>&nbsp;&nbsp;&nbsp;DMA1_Channel1_IRQHandler
</UL>

<P><STRONG><a name="[53]"></a>DMA_ITConfig</STRONG> (Thumb, 16 bytes, Stack size 0 bytes, stm32f0xx_dma.o(i.DMA_ITConfig))
<BR><BR>[Called By]<UL><LI><a href="#[4e]">&gt;&gt;</a>&nbsp;&nbsp;&nbsp;adc_dma_init
</UL>

<P><STRONG><a name="[52]"></a>DMA_Init</STRONG> (Thumb, 56 bytes, Stack size 12 bytes, stm32f0xx_dma.o(i.DMA_Init))
<BR><BR>[Stack]<UL><LI>Max Depth = 12<LI>Call Chain = DMA_Init
</UL>
<BR>[Called By]<UL><LI><a href="#[4e]">&gt;&gt;</a>&nbsp;&nbsp;&nbsp;adc_dma_init
</UL>

<P><STRONG><a name="[51]"></a>DMA_StructInit</STRONG> (Thumb, 26 bytes, Stack size 0 bytes, stm32f0xx_dma.o(i.DMA_StructInit))
<BR><BR>[Called By]<UL><LI><a href="#[4e]">&gt;&gt;</a>&nbsp;&nbsp;&nbsp;adc_dma_init
</UL>

<P><STRONG><a name="[27]"></a>GPIO_INIT</STRONG> (Thumb, 48 bytes, Stack size 16 bytes, main.o(i.GPIO_INIT))
<BR><BR>[Stack]<UL><LI>Max Depth = 36<LI>Call Chain = GPIO_INIT &rArr; GPIO_Init
</UL>
<BR>[Calls]<UL><LI><a href="#[28]">&gt;&gt;</a>&nbsp;&nbsp;&nbsp;RCC_AHBPeriphClockCmd
<LI><a href="#[29]">&gt;&gt;</a>&nbsp;&nbsp;&nbsp;GPIO_StructInit
<LI><a href="#[2a]">&gt;&gt;</a>&nbsp;&nbsp;&nbsp;GPIO_Init
</UL>
<BR>[Called By]<UL><LI><a href="#[1c]">&gt;&gt;</a>&nbsp;&nbsp;&nbsp;main
</UL>

<P><STRONG><a name="[2a]"></a>GPIO_Init</STRONG> (Thumb, 112 bytes, Stack size 20 bytes, stm32f0xx_gpio.o(i.GPIO_Init))
<BR><BR>[Stack]<UL><LI>Max Depth = 20<LI>Call Chain = GPIO_Init
</UL>
<BR>[Called By]<UL><LI><a href="#[56]">&gt;&gt;</a>&nbsp;&nbsp;&nbsp;adc_timer_init
<LI><a href="#[55]">&gt;&gt;</a>&nbsp;&nbsp;&nbsp;adc_gpio_init
<LI><a href="#[27]">&gt;&gt;</a>&nbsp;&nbsp;&nbsp;GPIO_INIT
</UL>

<P><STRONG><a name="[58]"></a>GPIO_PinAFConfig</STRONG> (Thumb, 32 bytes, Stack size 8 bytes, stm32f0xx_gpio.o(i.GPIO_PinAFConfig))
<BR><BR>[Stack]<UL><LI>Max Depth = 8<LI>Call Chain = GPIO_PinAFConfig
</UL>
<BR>[Called By]<UL><LI><a href="#[56]">&gt;&gt;</a>&nbsp;&nbsp;&nbsp;adc_timer_init
</UL>

<P><STRONG><a name="[37]"></a>GPIO_ReadOutputDataBit</STRONG> (Thumb, 14 bytes, Stack size 0 bytes, stm32f0xx_gpio.o(i.GPIO_ReadOutputDataBit))
<BR><BR>[Called By]<UL><LI><a href="#[14]">&gt;&gt;</a>&nbsp;&nbsp;&nbsp;TIM2_IRQHandler
</UL>

<P><STRONG><a name="[29]"></a>GPIO_StructInit</STRONG> (Thumb, 18 bytes, Stack size 0 bytes, stm32f0xx_gpio.o(i.GPIO_StructInit))
<BR><BR>[Called By]<UL><LI><a href="#[56]">&gt;&gt;</a>&nbsp;&nbsp;&nbsp;adc_timer_init
<LI><a href="#[55]">&gt;&gt;</a>&nbsp;&nbsp;&nbsp;adc_gpio_init
<LI><a href="#[27]">&gt;&gt;</a>&nbsp;&nbsp;&nbsp;GPIO_INIT
</UL>

<P><STRONG><a name="[38]"></a>GPIO_WriteBit</STRONG> (Thumb, 12 bytes, Stack size 0 bytes, stm32f0xx_gpio.o(i.GPIO_WriteBit))
<BR><BR>[Called By]<UL><LI><a href="#[14]">&gt;&gt;</a>&nbsp;&nbsp;&nbsp;TIM2_IRQHandler
</UL>

<P><STRONG><a name="[2]"></a>HardFault_Handler</STRONG> (Thumb, 2 bytes, Stack size 0 bytes, stm32f0xx_it.o(i.HardFault_Handler))
<BR><BR>[Calls]<UL><LI><a href="#[2]">&gt;&gt;</a>&nbsp;&nbsp;&nbsp;HardFault_Handler
</UL>
<BR>[Called By]<UL><LI><a href="#[2]">&gt;&gt;</a>&nbsp;&nbsp;&nbsp;HardFault_Handler
</UL>
<BR>[Address Reference Count : 1]<UL><LI> startup_stm32f0xx_ld.o(RESET)
</UL>
<P><STRONG><a name="[1]"></a>NMI_Handler</STRONG> (Thumb, 2 bytes, Stack size 0 bytes, stm32f0xx_it.o(i.NMI_Handler))
<BR>[Address Reference Count : 1]<UL><LI> startup_stm32f0xx_ld.o(RESET)
</UL>
<P><STRONG><a name="[4f]"></a>NVIC_Init</STRONG> (Thumb, 70 bytes, Stack size 12 bytes, stm32f0xx_misc.o(i.NVIC_Init))
<BR><BR>[Stack]<UL><LI>Max Depth = 12<LI>Call Chain = NVIC_Init
</UL>
<BR>[Called By]<UL><LI><a href="#[56]">&gt;&gt;</a>&nbsp;&nbsp;&nbsp;adc_timer_init
<LI><a href="#[4e]">&gt;&gt;</a>&nbsp;&nbsp;&nbsp;adc_dma_init
</UL>

<P><STRONG><a name="[4]"></a>PendSV_Handler</STRONG> (Thumb, 2 bytes, Stack size 0 bytes, stm32f0xx_it.o(i.PendSV_Handler))
<BR>[Address Reference Count : 1]<UL><LI> startup_stm32f0xx_ld.o(RESET)
</UL>
<P><STRONG><a name="[2e]"></a>RCC_ADCCLKConfig</STRONG> (Thumb, 38 bytes, Stack size 0 bytes, stm32f0xx_rcc.o(i.RCC_ADCCLKConfig))
<BR><BR>[Called By]<UL><LI><a href="#[2b]">&gt;&gt;</a>&nbsp;&nbsp;&nbsp;RCC_Configuration
</UL>

<P><STRONG><a name="[28]"></a>RCC_AHBPeriphClockCmd</STRONG> (Thumb, 18 bytes, Stack size 0 bytes, stm32f0xx_rcc.o(i.RCC_AHBPeriphClockCmd))
<BR><BR>[Called By]<UL><LI><a href="#[56]">&gt;&gt;</a>&nbsp;&nbsp;&nbsp;adc_timer_init
<LI><a href="#[55]">&gt;&gt;</a>&nbsp;&nbsp;&nbsp;adc_gpio_init
<LI><a href="#[4e]">&gt;&gt;</a>&nbsp;&nbsp;&nbsp;adc_dma_init
<LI><a href="#[27]">&gt;&gt;</a>&nbsp;&nbsp;&nbsp;GPIO_INIT
</UL>

<P><STRONG><a name="[57]"></a>RCC_APB1PeriphClockCmd</STRONG> (Thumb, 18 bytes, Stack size 0 bytes, stm32f0xx_rcc.o(i.RCC_APB1PeriphClockCmd))
<BR><BR>[Called By]<UL><LI><a href="#[56]">&gt;&gt;</a>&nbsp;&nbsp;&nbsp;adc_timer_init
</UL>

<P><STRONG><a name="[3a]"></a>RCC_APB1PeriphResetCmd</STRONG> (Thumb, 18 bytes, Stack size 0 bytes, stm32f0xx_rcc.o(i.RCC_APB1PeriphResetCmd))
<BR><BR>[Called By]<UL><LI><a href="#[39]">&gt;&gt;</a>&nbsp;&nbsp;&nbsp;TIM_DeInit
</UL>

<P><STRONG><a name="[3c]"></a>RCC_APB2PeriphClockCmd</STRONG> (Thumb, 18 bytes, Stack size 0 bytes, stm32f0xx_rcc.o(i.RCC_APB2PeriphClockCmd))
<BR><BR>[Called By]<UL><LI><a href="#[56]">&gt;&gt;</a>&nbsp;&nbsp;&nbsp;adc_timer_init
<LI><a href="#[43]">&gt;&gt;</a>&nbsp;&nbsp;&nbsp;adc_config
<LI><a href="#[3b]">&gt;&gt;</a>&nbsp;&nbsp;&nbsp;USART_Config
</UL>

<P><STRONG><a name="[24]"></a>RCC_APB2PeriphResetCmd</STRONG> (Thumb, 18 bytes, Stack size 0 bytes, stm32f0xx_rcc.o(i.RCC_APB2PeriphResetCmd))
<BR><BR>[Called By]<UL><LI><a href="#[39]">&gt;&gt;</a>&nbsp;&nbsp;&nbsp;TIM_DeInit
<LI><a href="#[23]">&gt;&gt;</a>&nbsp;&nbsp;&nbsp;ADC_DeInit
</UL>

<P><STRONG><a name="[2b]"></a>RCC_Configuration</STRONG> (Thumb, 50 bytes, Stack size 8 bytes, main.o(i.RCC_Configuration))
<BR><BR>[Stack]<UL><LI>Max Depth = 16<LI>Call Chain = RCC_Configuration &rArr; RCC_PLLConfig
</UL>
<BR>[Calls]<UL><LI><a href="#[30]">&gt;&gt;</a>&nbsp;&nbsp;&nbsp;RCC_SYSCLKConfig
<LI><a href="#[2c]">&gt;&gt;</a>&nbsp;&nbsp;&nbsp;RCC_PLLConfig
<LI><a href="#[2d]">&gt;&gt;</a>&nbsp;&nbsp;&nbsp;RCC_PLLCmd
<LI><a href="#[31]">&gt;&gt;</a>&nbsp;&nbsp;&nbsp;RCC_GetSYSCLKSource
<LI><a href="#[2f]">&gt;&gt;</a>&nbsp;&nbsp;&nbsp;RCC_GetFlagStatus
<LI><a href="#[2e]">&gt;&gt;</a>&nbsp;&nbsp;&nbsp;RCC_ADCCLKConfig
</UL>
<BR>[Called By]<UL><LI><a href="#[1c]">&gt;&gt;</a>&nbsp;&nbsp;&nbsp;main
</UL>

<P><STRONG><a name="[32]"></a>RCC_GetClocksFreq</STRONG> (Thumb, 346 bytes, Stack size 24 bytes, stm32f0xx_rcc.o(i.RCC_GetClocksFreq))
<BR><BR>[Stack]<UL><LI>Max Depth = 36<LI>Call Chain = RCC_GetClocksFreq &rArr; __aeabi_uidivmod
</UL>
<BR>[Calls]<UL><LI><a href="#[33]">&gt;&gt;</a>&nbsp;&nbsp;&nbsp;__aeabi_uidivmod
</UL>
<BR>[Called By]<UL><LI><a href="#[3d]">&gt;&gt;</a>&nbsp;&nbsp;&nbsp;USART_Init
<LI><a href="#[1c]">&gt;&gt;</a>&nbsp;&nbsp;&nbsp;main
</UL>

<P><STRONG><a name="[2f]"></a>RCC_GetFlagStatus</STRONG> (Thumb, 48 bytes, Stack size 0 bytes, stm32f0xx_rcc.o(i.RCC_GetFlagStatus))
<BR><BR>[Called By]<UL><LI><a href="#[2b]">&gt;&gt;</a>&nbsp;&nbsp;&nbsp;RCC_Configuration
</UL>

<P><STRONG><a name="[31]"></a>RCC_GetSYSCLKSource</STRONG> (Thumb, 10 bytes, Stack size 0 bytes, stm32f0xx_rcc.o(i.RCC_GetSYSCLKSource))
<BR><BR>[Called By]<UL><LI><a href="#[2b]">&gt;&gt;</a>&nbsp;&nbsp;&nbsp;RCC_Configuration
</UL>

<P><STRONG><a name="[2d]"></a>RCC_PLLCmd</STRONG> (Thumb, 22 bytes, Stack size 0 bytes, stm32f0xx_rcc.o(i.RCC_PLLCmd))
<BR><BR>[Called By]<UL><LI><a href="#[2b]">&gt;&gt;</a>&nbsp;&nbsp;&nbsp;RCC_Configuration
</UL>

<P><STRONG><a name="[2c]"></a>RCC_PLLConfig</STRONG> (Thumb, 24 bytes, Stack size 8 bytes, stm32f0xx_rcc.o(i.RCC_PLLConfig))
<BR><BR>[Stack]<UL><LI>Max Depth = 8<LI>Call Chain = RCC_PLLConfig
</UL>
<BR>[Called By]<UL><LI><a href="#[2b]">&gt;&gt;</a>&nbsp;&nbsp;&nbsp;RCC_Configuration
</UL>

<P><STRONG><a name="[30]"></a>RCC_SYSCLKConfig</STRONG> (Thumb, 14 bytes, Stack size 0 bytes, stm32f0xx_rcc.o(i.RCC_SYSCLKConfig))
<BR><BR>[Called By]<UL><LI><a href="#[2b]">&gt;&gt;</a>&nbsp;&nbsp;&nbsp;RCC_Configuration
</UL>

<P><STRONG><a name="[3]"></a>SVC_Handler</STRONG> (Thumb, 2 bytes, Stack size 0 bytes, stm32f0xx_it.o(i.SVC_Handler))
<BR>[Address Reference Count : 1]<UL><LI> startup_stm32f0xx_ld.o(RESET)
</UL>
<P><STRONG><a name="[5]"></a>SysTick_Handler</STRONG> (Thumb, 2 bytes, Stack size 0 bytes, stm32f0xx_it.o(i.SysTick_Handler))
<BR>[Address Reference Count : 1]<UL><LI> startup_stm32f0xx_ld.o(RESET)
</UL>
<P><STRONG><a name="[1d]"></a>SystemInit</STRONG> (Thumb, 84 bytes, Stack size 8 bytes, system_stm32f0xx.o(i.SystemInit))
<BR><BR>[Stack]<UL><LI>Max Depth = 24<LI>Call Chain = SystemInit &rArr; SetSysClock
</UL>
<BR>[Calls]<UL><LI><a href="#[34]">&gt;&gt;</a>&nbsp;&nbsp;&nbsp;SetSysClock
</UL>
<BR>[Address Reference Count : 1]<UL><LI> startup_stm32f0xx_ld.o(.text)
</UL>
<P><STRONG><a name="[12]"></a>TIM1_BRK_UP_TRG_COM_IRQHandler</STRONG> (Thumb, 26 bytes, Stack size 8 bytes, main.o(i.TIM1_BRK_UP_TRG_COM_IRQHandler))
<BR><BR>[Stack]<UL><LI>Max Depth = 8<LI>Call Chain = TIM1_BRK_UP_TRG_COM_IRQHandler
</UL>
<BR>[Calls]<UL><LI><a href="#[35]">&gt;&gt;</a>&nbsp;&nbsp;&nbsp;TIM_GetITStatus
<LI><a href="#[36]">&gt;&gt;</a>&nbsp;&nbsp;&nbsp;TIM_ClearITPendingBit
</UL>
<BR>[Address Reference Count : 1]<UL><LI> startup_stm32f0xx_ld.o(RESET)
</UL>
<P><STRONG><a name="[14]"></a>TIM2_IRQHandler</STRONG> (Thumb, 56 bytes, Stack size 16 bytes, main.o(i.TIM2_IRQHandler))
<BR><BR>[Stack]<UL><LI>Max Depth = 16<LI>Call Chain = TIM2_IRQHandler
</UL>
<BR>[Calls]<UL><LI><a href="#[35]">&gt;&gt;</a>&nbsp;&nbsp;&nbsp;TIM_GetITStatus
<LI><a href="#[36]">&gt;&gt;</a>&nbsp;&nbsp;&nbsp;TIM_ClearITPendingBit
<LI><a href="#[38]">&gt;&gt;</a>&nbsp;&nbsp;&nbsp;GPIO_WriteBit
<LI><a href="#[37]">&gt;&gt;</a>&nbsp;&nbsp;&nbsp;GPIO_ReadOutputDataBit
</UL>
<BR>[Address Reference Count : 1]<UL><LI> startup_stm32f0xx_ld.o(RESET)
</UL>
<P><STRONG><a name="[5d]"></a>TIM_ARRPreloadConfig</STRONG> (Thumb, 18 bytes, Stack size 0 bytes, stm32f0xx_tim.o(i.TIM_ARRPreloadConfig))
<BR><BR>[Called By]<UL><LI><a href="#[56]">&gt;&gt;</a>&nbsp;&nbsp;&nbsp;adc_timer_init
</UL>

<P><STRONG><a name="[36]"></a>TIM_ClearITPendingBit</STRONG> (Thumb, 6 bytes, Stack size 0 bytes, stm32f0xx_tim.o(i.TIM_ClearITPendingBit))
<BR><BR>[Called By]<UL><LI><a href="#[14]">&gt;&gt;</a>&nbsp;&nbsp;&nbsp;TIM2_IRQHandler
<LI><a href="#[12]">&gt;&gt;</a>&nbsp;&nbsp;&nbsp;TIM1_BRK_UP_TRG_COM_IRQHandler
</UL>

<P><STRONG><a name="[60]"></a>TIM_Cmd</STRONG> (Thumb, 20 bytes, Stack size 0 bytes, stm32f0xx_tim.o(i.TIM_Cmd))
<BR><BR>[Called By]<UL><LI><a href="#[56]">&gt;&gt;</a>&nbsp;&nbsp;&nbsp;adc_timer_init
</UL>

<P><STRONG><a name="[65]"></a>TIM_CtrlPWMOutputs</STRONG> (Thumb, 24 bytes, Stack size 0 bytes, stm32f0xx_tim.o(i.TIM_CtrlPWMOutputs))
<BR><BR>[Called By]<UL><LI><a href="#[56]">&gt;&gt;</a>&nbsp;&nbsp;&nbsp;adc_timer_init
</UL>

<P><STRONG><a name="[39]"></a>TIM_DeInit</STRONG> (Thumb, 172 bytes, Stack size 8 bytes, stm32f0xx_tim.o(i.TIM_DeInit))
<BR><BR>[Stack]<UL><LI>Max Depth = 8<LI>Call Chain = TIM_DeInit
</UL>
<BR>[Calls]<UL><LI><a href="#[3a]">&gt;&gt;</a>&nbsp;&nbsp;&nbsp;RCC_APB1PeriphResetCmd
<LI><a href="#[24]">&gt;&gt;</a>&nbsp;&nbsp;&nbsp;RCC_APB2PeriphResetCmd
</UL>
<BR>[Called By]<UL><LI><a href="#[56]">&gt;&gt;</a>&nbsp;&nbsp;&nbsp;adc_timer_init
</UL>

<P><STRONG><a name="[35]"></a>TIM_GetITStatus</STRONG> (Thumb, 24 bytes, Stack size 0 bytes, stm32f0xx_tim.o(i.TIM_GetITStatus))
<BR><BR>[Called By]<UL><LI><a href="#[14]">&gt;&gt;</a>&nbsp;&nbsp;&nbsp;TIM2_IRQHandler
<LI><a href="#[12]">&gt;&gt;</a>&nbsp;&nbsp;&nbsp;TIM1_BRK_UP_TRG_COM_IRQHandler
</UL>

<P><STRONG><a name="[5e]"></a>TIM_ITConfig</STRONG> (Thumb, 16 bytes, Stack size 0 bytes, stm32f0xx_tim.o(i.TIM_ITConfig))
<BR><BR>[Called By]<UL><LI><a href="#[56]">&gt;&gt;</a>&nbsp;&nbsp;&nbsp;adc_timer_init
</UL>

<P><STRONG><a name="[61]"></a>TIM_OC1Init</STRONG> (Thumb, 104 bytes, Stack size 12 bytes, stm32f0xx_tim.o(i.TIM_OC1Init))
<BR><BR>[Stack]<UL><LI>Max Depth = 12<LI>Call Chain = TIM_OC1Init
</UL>
<BR>[Called By]<UL><LI><a href="#[56]">&gt;&gt;</a>&nbsp;&nbsp;&nbsp;adc_timer_init
</UL>

<P><STRONG><a name="[62]"></a>TIM_OC1PreloadConfig</STRONG> (Thumb, 12 bytes, Stack size 0 bytes, stm32f0xx_tim.o(i.TIM_OC1PreloadConfig))
<BR><BR>[Called By]<UL><LI><a href="#[56]">&gt;&gt;</a>&nbsp;&nbsp;&nbsp;adc_timer_init
</UL>

<P><STRONG><a name="[63]"></a>TIM_OC2Init</STRONG> (Thumb, 124 bytes, Stack size 16 bytes, stm32f0xx_tim.o(i.TIM_OC2Init))
<BR><BR>[Stack]<UL><LI>Max Depth = 16<LI>Call Chain = TIM_OC2Init
</UL>
<BR>[Called By]<UL><LI><a href="#[56]">&gt;&gt;</a>&nbsp;&nbsp;&nbsp;adc_timer_init
</UL>

<P><STRONG><a name="[64]"></a>TIM_OC2PreloadConfig</STRONG> (Thumb, 14 bytes, Stack size 0 bytes, stm32f0xx_tim.o(i.TIM_OC2PreloadConfig))
<BR><BR>[Called By]<UL><LI><a href="#[56]">&gt;&gt;</a>&nbsp;&nbsp;&nbsp;adc_timer_init
</UL>

<P><STRONG><a name="[5b]"></a>TIM_OC3Init</STRONG> (Thumb, 110 bytes, Stack size 12 bytes, stm32f0xx_tim.o(i.TIM_OC3Init))
<BR><BR>[Stack]<UL><LI>Max Depth = 12<LI>Call Chain = TIM_OC3Init
</UL>
<BR>[Called By]<UL><LI><a href="#[56]">&gt;&gt;</a>&nbsp;&nbsp;&nbsp;adc_timer_init
</UL>

<P><STRONG><a name="[5c]"></a>TIM_OC3PreloadConfig</STRONG> (Thumb, 12 bytes, Stack size 0 bytes, stm32f0xx_tim.o(i.TIM_OC3PreloadConfig))
<BR><BR>[Called By]<UL><LI><a href="#[56]">&gt;&gt;</a>&nbsp;&nbsp;&nbsp;adc_timer_init
</UL>

<P><STRONG><a name="[5f]"></a>TIM_SelectOutputTrigger</STRONG> (Thumb, 16 bytes, Stack size 0 bytes, stm32f0xx_tim.o(i.TIM_SelectOutputTrigger))
<BR><BR>[Called By]<UL><LI><a href="#[56]">&gt;&gt;</a>&nbsp;&nbsp;&nbsp;adc_timer_init
</UL>

<P><STRONG><a name="[5a]"></a>TIM_TimeBaseInit</STRONG> (Thumb, 88 bytes, Stack size 8 bytes, stm32f0xx_tim.o(i.TIM_TimeBaseInit))
<BR><BR>[Stack]<UL><LI>Max Depth = 8<LI>Call Chain = TIM_TimeBaseInit
</UL>
<BR>[Called By]<UL><LI><a href="#[56]">&gt;&gt;</a>&nbsp;&nbsp;&nbsp;adc_timer_init
</UL>

<P><STRONG><a name="[59]"></a>TIM_TimeBaseStructInit</STRONG> (Thumb, 18 bytes, Stack size 0 bytes, stm32f0xx_tim.o(i.TIM_TimeBaseStructInit))
<BR><BR>[Called By]<UL><LI><a href="#[56]">&gt;&gt;</a>&nbsp;&nbsp;&nbsp;adc_timer_init
</UL>

<P><STRONG><a name="[3e]"></a>USART_Cmd</STRONG> (Thumb, 20 bytes, Stack size 0 bytes, stm32f0xx_usart.o(i.USART_Cmd))
<BR><BR>[Called By]<UL><LI><a href="#[3b]">&gt;&gt;</a>&nbsp;&nbsp;&nbsp;USART_Config
</UL>

<P><STRONG><a name="[3b]"></a>USART_Config</STRONG> (Thumb, 54 bytes, Stack size 32 bytes, main.o(i.USART_Config))
<BR><BR>[Stack]<UL><LI>Max Depth = 124<LI>Call Chain = USART_Config &rArr; USART_Init &rArr; RCC_GetClocksFreq &rArr; __aeabi_uidivmod
</UL>
<BR>[Calls]<UL><LI><a href="#[3d]">&gt;&gt;</a>&nbsp;&nbsp;&nbsp;USART_Init
<LI><a href="#[3e]">&gt;&gt;</a>&nbsp;&nbsp;&nbsp;USART_Cmd
<LI><a href="#[3c]">&gt;&gt;</a>&nbsp;&nbsp;&nbsp;RCC_APB2PeriphClockCmd
</UL>
<BR>[Called By]<UL><LI><a href="#[68]">&gt;&gt;</a>&nbsp;&nbsp;&nbsp;user_adc_init
</UL>

<P><STRONG><a name="[66]"></a>USART_GetFlagStatus</STRONG> (Thumb, 14 bytes, Stack size 0 bytes, stm32f0xx_usart.o(i.USART_GetFlagStatus))
<BR><BR>[Called By]<UL><LI><a href="#[1f]">&gt;&gt;</a>&nbsp;&nbsp;&nbsp;fputc
</UL>

<P><STRONG><a name="[3d]"></a>USART_Init</STRONG> (Thumb, 148 bytes, Stack size 56 bytes, stm32f0xx_usart.o(i.USART_Init))
<BR><BR>[Stack]<UL><LI>Max Depth = 92<LI>Call Chain = USART_Init &rArr; RCC_GetClocksFreq &rArr; __aeabi_uidivmod
</UL>
<BR>[Calls]<UL><LI><a href="#[32]">&gt;&gt;</a>&nbsp;&nbsp;&nbsp;RCC_GetClocksFreq
<LI><a href="#[33]">&gt;&gt;</a>&nbsp;&nbsp;&nbsp;__aeabi_uidivmod
</UL>
<BR>[Called By]<UL><LI><a href="#[3b]">&gt;&gt;</a>&nbsp;&nbsp;&nbsp;USART_Config
</UL>

<P><STRONG><a name="[67]"></a>USART_SendData</STRONG> (Thumb, 8 bytes, Stack size 0 bytes, stm32f0xx_usart.o(i.USART_SendData))
<BR><BR>[Called By]<UL><LI><a href="#[1f]">&gt;&gt;</a>&nbsp;&nbsp;&nbsp;fputc
</UL>

<P><STRONG><a name="[3f]"></a>__0printf$6</STRONG> (Thumb, 24 bytes, Stack size 24 bytes, printf6.o(i.__0printf$6), UNUSED)
<BR><BR>[Calls]<UL><LI><a href="#[40]">&gt;&gt;</a>&nbsp;&nbsp;&nbsp;_printf_core
</UL>

<P><STRONG><a name="[72]"></a>__1printf$6</STRONG> (Thumb, 0 bytes, Stack size 24 bytes, printf6.o(i.__0printf$6), UNUSED)

<P><STRONG><a name="[69]"></a>__2printf</STRONG> (Thumb, 0 bytes, Stack size 24 bytes, printf6.o(i.__0printf$6))
<BR><BR>[Stack]<UL><LI>Max Depth = 24<LI>Call Chain = __2printf
</UL>
<BR>[Called By]<UL><LI><a href="#[1c]">&gt;&gt;</a>&nbsp;&nbsp;&nbsp;main
</UL>

<P><STRONG><a name="[73]"></a>__scatterload_copy</STRONG> (Thumb, 14 bytes, Stack size unknown bytes, handlers.o(i.__scatterload_copy), UNUSED)

<P><STRONG><a name="[74]"></a>__scatterload_null</STRONG> (Thumb, 2 bytes, Stack size unknown bytes, handlers.o(i.__scatterload_null), UNUSED)

<P><STRONG><a name="[75]"></a>__scatterload_zeroinit</STRONG> (Thumb, 14 bytes, Stack size unknown bytes, handlers.o(i.__scatterload_zeroinit), UNUSED)

<P><STRONG><a name="[43]"></a>adc_config</STRONG> (Thumb, 124 bytes, Stack size 40 bytes, main.o(i.adc_config))
<BR><BR>[Stack]<UL><LI>Max Depth = 52<LI>Call Chain = adc_config &rArr; ADC_Init
</UL>
<BR>[Calls]<UL><LI><a href="#[3c]">&gt;&gt;</a>&nbsp;&nbsp;&nbsp;RCC_APB2PeriphClockCmd
<LI><a href="#[44]">&gt;&gt;</a>&nbsp;&nbsp;&nbsp;ADC_StructInit
<LI><a href="#[4d]">&gt;&gt;</a>&nbsp;&nbsp;&nbsp;ADC_StartOfConversion
<LI><a href="#[46]">&gt;&gt;</a>&nbsp;&nbsp;&nbsp;ADC_OverrunModeCmd
<LI><a href="#[45]">&gt;&gt;</a>&nbsp;&nbsp;&nbsp;ADC_Init
<LI><a href="#[4a]">&gt;&gt;</a>&nbsp;&nbsp;&nbsp;ADC_GetFlagStatus
<LI><a href="#[48]">&gt;&gt;</a>&nbsp;&nbsp;&nbsp;ADC_GetCalibrationFactor
<LI><a href="#[23]">&gt;&gt;</a>&nbsp;&nbsp;&nbsp;ADC_DeInit
<LI><a href="#[4c]">&gt;&gt;</a>&nbsp;&nbsp;&nbsp;ADC_DMARequestModeConfig
<LI><a href="#[4b]">&gt;&gt;</a>&nbsp;&nbsp;&nbsp;ADC_DMACmd
<LI><a href="#[49]">&gt;&gt;</a>&nbsp;&nbsp;&nbsp;ADC_Cmd
<LI><a href="#[47]">&gt;&gt;</a>&nbsp;&nbsp;&nbsp;ADC_ChannelConfig
</UL>
<BR>[Called By]<UL><LI><a href="#[68]">&gt;&gt;</a>&nbsp;&nbsp;&nbsp;user_adc_init
</UL>

<P><STRONG><a name="[4e]"></a>adc_dma_init</STRONG> (Thumb, 116 bytes, Stack size 64 bytes, main.o(i.adc_dma_init))
<BR><BR>[Stack]<UL><LI>Max Depth = 84<LI>Call Chain = adc_dma_init &rArr; DMA_DeInit
</UL>
<BR>[Calls]<UL><LI><a href="#[28]">&gt;&gt;</a>&nbsp;&nbsp;&nbsp;RCC_AHBPeriphClockCmd
<LI><a href="#[4f]">&gt;&gt;</a>&nbsp;&nbsp;&nbsp;NVIC_Init
<LI><a href="#[51]">&gt;&gt;</a>&nbsp;&nbsp;&nbsp;DMA_StructInit
<LI><a href="#[52]">&gt;&gt;</a>&nbsp;&nbsp;&nbsp;DMA_Init
<LI><a href="#[53]">&gt;&gt;</a>&nbsp;&nbsp;&nbsp;DMA_ITConfig
<LI><a href="#[50]">&gt;&gt;</a>&nbsp;&nbsp;&nbsp;DMA_DeInit
<LI><a href="#[54]">&gt;&gt;</a>&nbsp;&nbsp;&nbsp;DMA_Cmd
<LI><a href="#[26]">&gt;&gt;</a>&nbsp;&nbsp;&nbsp;DMA_ClearITPendingBit
</UL>
<BR>[Called By]<UL><LI><a href="#[68]">&gt;&gt;</a>&nbsp;&nbsp;&nbsp;user_adc_init
</UL>

<P><STRONG><a name="[55]"></a>adc_gpio_init</STRONG> (Thumb, 46 bytes, Stack size 16 bytes, main.o(i.adc_gpio_init))
<BR><BR>[Stack]<UL><LI>Max Depth = 36<LI>Call Chain = adc_gpio_init &rArr; GPIO_Init
</UL>
<BR>[Calls]<UL><LI><a href="#[28]">&gt;&gt;</a>&nbsp;&nbsp;&nbsp;RCC_AHBPeriphClockCmd
<LI><a href="#[29]">&gt;&gt;</a>&nbsp;&nbsp;&nbsp;GPIO_StructInit
<LI><a href="#[2a]">&gt;&gt;</a>&nbsp;&nbsp;&nbsp;GPIO_Init
</UL>
<BR>[Called By]<UL><LI><a href="#[68]">&gt;&gt;</a>&nbsp;&nbsp;&nbsp;user_adc_init
</UL>

<P><STRONG><a name="[56]"></a>adc_timer_init</STRONG> (Thumb, 384 bytes, Stack size 64 bytes, main.o(i.adc_timer_init))
<BR><BR>[Stack]<UL><LI>Max Depth = 84<LI>Call Chain = adc_timer_init &rArr; GPIO_Init
</UL>
<BR>[Calls]<UL><LI><a href="#[59]">&gt;&gt;</a>&nbsp;&nbsp;&nbsp;TIM_TimeBaseStructInit
<LI><a href="#[5a]">&gt;&gt;</a>&nbsp;&nbsp;&nbsp;TIM_TimeBaseInit
<LI><a href="#[5f]">&gt;&gt;</a>&nbsp;&nbsp;&nbsp;TIM_SelectOutputTrigger
<LI><a href="#[5c]">&gt;&gt;</a>&nbsp;&nbsp;&nbsp;TIM_OC3PreloadConfig
<LI><a href="#[5b]">&gt;&gt;</a>&nbsp;&nbsp;&nbsp;TIM_OC3Init
<LI><a href="#[64]">&gt;&gt;</a>&nbsp;&nbsp;&nbsp;TIM_OC2PreloadConfig
<LI><a href="#[63]">&gt;&gt;</a>&nbsp;&nbsp;&nbsp;TIM_OC2Init
<LI><a href="#[62]">&gt;&gt;</a>&nbsp;&nbsp;&nbsp;TIM_OC1PreloadConfig
<LI><a href="#[61]">&gt;&gt;</a>&nbsp;&nbsp;&nbsp;TIM_OC1Init
<LI><a href="#[5e]">&gt;&gt;</a>&nbsp;&nbsp;&nbsp;TIM_ITConfig
<LI><a href="#[39]">&gt;&gt;</a>&nbsp;&nbsp;&nbsp;TIM_DeInit
<LI><a href="#[65]">&gt;&gt;</a>&nbsp;&nbsp;&nbsp;TIM_CtrlPWMOutputs
<LI><a href="#[60]">&gt;&gt;</a>&nbsp;&nbsp;&nbsp;TIM_Cmd
<LI><a href="#[5d]">&gt;&gt;</a>&nbsp;&nbsp;&nbsp;TIM_ARRPreloadConfig
<LI><a href="#[3c]">&gt;&gt;</a>&nbsp;&nbsp;&nbsp;RCC_APB2PeriphClockCmd
<LI><a href="#[57]">&gt;&gt;</a>&nbsp;&nbsp;&nbsp;RCC_APB1PeriphClockCmd
<LI><a href="#[28]">&gt;&gt;</a>&nbsp;&nbsp;&nbsp;RCC_AHBPeriphClockCmd
<LI><a href="#[4f]">&gt;&gt;</a>&nbsp;&nbsp;&nbsp;NVIC_Init
<LI><a href="#[29]">&gt;&gt;</a>&nbsp;&nbsp;&nbsp;GPIO_StructInit
<LI><a href="#[58]">&gt;&gt;</a>&nbsp;&nbsp;&nbsp;GPIO_PinAFConfig
<LI><a href="#[2a]">&gt;&gt;</a>&nbsp;&nbsp;&nbsp;GPIO_Init
</UL>
<BR>[Called By]<UL><LI><a href="#[68]">&gt;&gt;</a>&nbsp;&nbsp;&nbsp;user_adc_init
</UL>

<P><STRONG><a name="[1f]"></a>fputc</STRONG> (Thumb, 30 bytes, Stack size 16 bytes, main.o(i.fputc))
<BR><BR>[Stack]<UL><LI>Max Depth = 16<LI>Call Chain = fputc
</UL>
<BR>[Calls]<UL><LI><a href="#[67]">&gt;&gt;</a>&nbsp;&nbsp;&nbsp;USART_SendData
<LI><a href="#[66]">&gt;&gt;</a>&nbsp;&nbsp;&nbsp;USART_GetFlagStatus
</UL>
<BR>[Address Reference Count : 1]<UL><LI> printf6.o(i.__0printf$6)
</UL>
<P><STRONG><a name="[1c]"></a>main</STRONG> (Thumb, 44 bytes, Stack size 0 bytes, main.o(i.main))
<BR><BR>[Stack]<UL><LI>Max Depth = 132<LI>Call Chain = main &rArr; user_adc_init &rArr; USART_Config &rArr; USART_Init &rArr; RCC_GetClocksFreq &rArr; __aeabi_uidivmod
</UL>
<BR>[Calls]<UL><LI><a href="#[32]">&gt;&gt;</a>&nbsp;&nbsp;&nbsp;RCC_GetClocksFreq
<LI><a href="#[68]">&gt;&gt;</a>&nbsp;&nbsp;&nbsp;user_adc_init
<LI><a href="#[2b]">&gt;&gt;</a>&nbsp;&nbsp;&nbsp;RCC_Configuration
<LI><a href="#[27]">&gt;&gt;</a>&nbsp;&nbsp;&nbsp;GPIO_INIT
<LI><a href="#[69]">&gt;&gt;</a>&nbsp;&nbsp;&nbsp;__2printf
</UL>
<BR>[Address Reference Count : 1]<UL><LI> entry9a.o(.ARM.Collect$$$$0000000B)
</UL>
<P><STRONG><a name="[68]"></a>user_adc_init</STRONG> (Thumb, 24 bytes, Stack size 8 bytes, main.o(i.user_adc_init))
<BR><BR>[Stack]<UL><LI>Max Depth = 132<LI>Call Chain = user_adc_init &rArr; USART_Config &rArr; USART_Init &rArr; RCC_GetClocksFreq &rArr; __aeabi_uidivmod
</UL>
<BR>[Calls]<UL><LI><a href="#[56]">&gt;&gt;</a>&nbsp;&nbsp;&nbsp;adc_timer_init
<LI><a href="#[55]">&gt;&gt;</a>&nbsp;&nbsp;&nbsp;adc_gpio_init
<LI><a href="#[4e]">&gt;&gt;</a>&nbsp;&nbsp;&nbsp;adc_dma_init
<LI><a href="#[43]">&gt;&gt;</a>&nbsp;&nbsp;&nbsp;adc_config
<LI><a href="#[3b]">&gt;&gt;</a>&nbsp;&nbsp;&nbsp;USART_Config
</UL>
<BR>[Called By]<UL><LI><a href="#[1c]">&gt;&gt;</a>&nbsp;&nbsp;&nbsp;main
</UL>
<P>
<H3>
Local Symbols
</H3>
<P><STRONG><a name="[34]"></a>SetSysClock</STRONG> (Thumb, 142 bytes, Stack size 16 bytes, system_stm32f0xx.o(i.SetSysClock))
<BR><BR>[Stack]<UL><LI>Max Depth = 16<LI>Call Chain = SetSysClock
</UL>
<BR>[Called By]<UL><LI><a href="#[1d]">&gt;&gt;</a>&nbsp;&nbsp;&nbsp;SystemInit
</UL>

<P><STRONG><a name="[40]"></a>_printf_core</STRONG> (Thumb, 768 bytes, Stack size 96 bytes, printf6.o(i._printf_core), UNUSED)
<BR><BR>[Calls]<UL><LI><a href="#[33]">&gt;&gt;</a>&nbsp;&nbsp;&nbsp;__aeabi_uidivmod
<LI><a href="#[41]">&gt;&gt;</a>&nbsp;&nbsp;&nbsp;_printf_pre_padding
<LI><a href="#[42]">&gt;&gt;</a>&nbsp;&nbsp;&nbsp;_printf_post_padding
</UL>
<BR>[Called By]<UL><LI><a href="#[3f]">&gt;&gt;</a>&nbsp;&nbsp;&nbsp;__0printf$6
</UL>

<P><STRONG><a name="[42]"></a>_printf_post_padding</STRONG> (Thumb, 32 bytes, Stack size 24 bytes, printf6.o(i._printf_post_padding), UNUSED)
<BR><BR>[Called By]<UL><LI><a href="#[40]">&gt;&gt;</a>&nbsp;&nbsp;&nbsp;_printf_core
</UL>

<P><STRONG><a name="[41]"></a>_printf_pre_padding</STRONG> (Thumb, 44 bytes, Stack size 40 bytes, printf6.o(i._printf_pre_padding), UNUSED)
<BR><BR>[Called By]<UL><LI><a href="#[40]">&gt;&gt;</a>&nbsp;&nbsp;&nbsp;_printf_core
</UL>
<P>
<H3>
Undefined Global Symbols
</H3><HR></body></html>
