<html>
<body>
<pre>
<h1>µVision Build Log</h1>
<h2>Tool Versions:</h2>
IDE-Version: µVision V5.14.0.0
Copyright (C) 2015 ARM Ltd and ARM Germany GmbH. All rights reserved.
License Information: dsad sdsad, sdaas, LIC=YA3WF-69RHP-5TN3W-QR4C8-47UGV-UGR1D
 
Tool Versions:
Toolchain:       MDK-ARM Standard  Version: 5.14.0.0
Middleware:      RL-ARM Real-Time Library Version V4.12
Toolchain Path:  d:\Keil_v5\ARM\ARMCC\Bin
C Compiler:      Armcc.exe V5.05 update 1 (build 106)
Assembler:       Armasm.exe V5.05 update 1 (build 106)
Linker/Locator:  ArmLink.exe V5.05 update 1 (build 106)
Library Manager: ArmAr.exe V5.05 update 1 (build 106)
Hex Converter:   FromElf.exe V5.05 update 1 (build 106)
CPU DLL:         SARMCM3.DLL V5.14.0.0
Dialog DLL:      DARMCM1.DLL V1.12.0.0
Target DLL:      STLink\ST-LINKIII-KEIL_SWO.dll V2.0.14.0_KEIL
Dialog DLL:      TARMCM1.DLL V1.9.0.0
 
<h2>Project:</h2>
E:\project\MrWu\Project\Project\code\Code\DD61_V1.1\MDK-ARM\STM32F0.uvprojx
Project File Date:  11/12/2017

<h2>Output:</h2>
Build target 'Target 1'
compiling SelfStudy.c...
linking...
Program Size: Code=14148 RO-data=308 RW-data=192 ZI-data=2280  
FromELF: creating hex file...
".\Objects\STM32F0_DD61_Add_Del.axf" - 0 Error(s), 0 Warning(s).

<h2>Collection of Component include folders:</h2>
  E:\project\MrWu\Project\Project\code\Code\DD61_V1.1\MDK-ARM\RTE
  d:\Keil_v5\ARM\PACK\Keil\STM32F0xx_DFP\1.4.0\Device\Include

<h2>Collection of Component Files used:</h2>
</pre>
</body>
</html>
