<html>
<body>
<pre>
<h1>µVision Build Log</h1>
<h2>Tool Versions:</h2>
IDE-Version: ¦ÌVision V5.23.0.0
Copyright (C) 2017 ARM Ltd and ARM Germany GmbH. All rights reserved.
License Information: harry harry, harry, LIC=PE756-DC60N-DX1U3-ASBXH-DJACH-PB68L
 
Tool Versions:
Toolchain:       MDK-ARM Plus  Version: 5.23
Toolchain Path:  d:\Keil_v5\ARM\ARMCC\Bin
C Compiler:      Armcc.exe V5.06 update 4 (build 422)
Assembler:       Armasm.exe V5.06 update 4 (build 422)
Linker/Locator:  ArmLink.exe V5.06 update 4 (build 422)
Library Manager: ArmAr.exe V5.06 update 4 (build 422)
Hex Converter:   FromElf.exe V5.06 update 4 (build 422)
CPU DLL:         SARMCM3.DLL V5.23
Dialog DLL:      DARMCM1.DLL V1.17.0.0
Target DLL:      STLink\ST-LINKIII-KEIL_SWO.dll V2.0.18.0
Dialog DLL:      TARMCM1.DLL V1.12.0.0
 
<h2>Project:</h2>
C:\Users\vigour\Desktop\stm32f051_DD61_StandardDriver_TIM1201070714\stm32f051_DD61_StandardDriver_TIM1\stm32f051_DD61_StandardDriver_TIM1\MDK-ARM\STM32F0.uvprojx
Project File Date:  07/15/2017

<h2>Output:</h2>
*** Using Compiler 'V5.06 update 4 (build 422)', folder: 'd:\Keil_v5\ARM\ARMCC\Bin'
Rebuild target 'Target 1'
compiling stm32f0xx_it.c...
compiling main.c...
compiling differentialDC.c...
compiling display.c...
compiling i2c_simu.c...
compiling key.c...
..\key.c(184): warning:  #940-D: missing return statement at end of non-void function "ReadButtonStatus" 
  }
..\key.c: 1 warning, 0 errors
compiling menu.c...
compiling SelfStudy.c...
compiling stm32f0xx_adc.c...
compiling stm32f0xx_can.c...
compiling stm32f0xx_cec.c...
compiling stm32f0xx_comp.c...
compiling stm32f0xx_crc.c...
compiling stm32f0xx_crs.c...
compiling stm32f0xx_dac.c...
compiling stm32f0xx_dbgmcu.c...
compiling stm32f0xx_dma.c...
compiling stm32f0xx_exti.c...
compiling stm32f0xx_flash.c...
compiling stm32f0xx_gpio.c...
compiling stm32f0xx_i2c.c...
compiling stm32f0xx_iwdg.c...
compiling stm32f0xx_misc.c...
compiling stm32f0xx_pwr.c...
compiling stm32f0xx_rcc.c...
compiling stm32f0xx_rtc.c...
compiling stm32f0xx_spi.c...
compiling stm32f0xx_syscfg.c...
compiling stm32f0xx_tim.c...
compiling stm32f0xx_usart.c...
compiling stm32f0xx_wwdg.c...
compiling system_stm32f0xx.c...
assembling startup_stm32f0xx_ld.s...
linking...
Program Size: Code=9816 RO-data=284 RW-data=108 ZI-data=1172  
FromELF: creating hex file...
".\Objects\STM32F0_W8SET.axf" - 0 Error(s), 1 Warning(s).

<h2>Collection of Component include folders:</h2>
  .\RTE\_Target_1
  d:\Keil_v5\ARM\PACK\Keil\STM32F0xx_DFP\1.5.0\Device\Include

<h2>Collection of Component Files used:</h2>
Build Time Elapsed:  00:00:16
</pre>
</body>
</html>
